Archive member included to satisfy reference by file (symbol)

c:/program files (x86)/gnu tools arm embedded/5.4 2016q3/bin/../lib/gcc/arm-none-eabi/5.4.1/../../../../arm-none-eabi/lib/armv7e-m\libg_nano.a(lib_a-errno.o)
                              ./system/src/newlib/_sbrk.o (__errno)
c:/program files (x86)/gnu tools arm embedded/5.4 2016q3/bin/../lib/gcc/arm-none-eabi/5.4.1/../../../../arm-none-eabi/lib/armv7e-m\libg_nano.a(lib_a-impure.o)
                              c:/program files (x86)/gnu tools arm embedded/5.4 2016q3/bin/../lib/gcc/arm-none-eabi/5.4.1/../../../../arm-none-eabi/lib/armv7e-m\libg_nano.a(lib_a-errno.o) (_impure_ptr)
c:/program files (x86)/gnu tools arm embedded/5.4 2016q3/bin/../lib/gcc/arm-none-eabi/5.4.1/../../../../arm-none-eabi/lib/armv7e-m\libg_nano.a(lib_a-strlen.o)
                              ./system/src/diag/Trace.o (strlen)
c:/program files (x86)/gnu tools arm embedded/5.4 2016q3/bin/../lib/gcc/arm-none-eabi/5.4.1/../../../../arm-none-eabi/lib/armv7e-m\libg_nano.a(lib_a-vsnprintf.o)
                              ./system/src/diag/Trace.o (vsnprintf)
c:/program files (x86)/gnu tools arm embedded/5.4 2016q3/bin/../lib/gcc/arm-none-eabi/5.4.1/../../../../arm-none-eabi/lib/armv7e-m\libg_nano.a(lib_a-nano-svfprintf.o)
                              c:/program files (x86)/gnu tools arm embedded/5.4 2016q3/bin/../lib/gcc/arm-none-eabi/5.4.1/../../../../arm-none-eabi/lib/armv7e-m\libg_nano.a(lib_a-vsnprintf.o) (_svfprintf_r)
c:/program files (x86)/gnu tools arm embedded/5.4 2016q3/bin/../lib/gcc/arm-none-eabi/5.4.1/../../../../arm-none-eabi/lib/armv7e-m\libg_nano.a(lib_a-nano-vfprintf_i.o)
                              c:/program files (x86)/gnu tools arm embedded/5.4 2016q3/bin/../lib/gcc/arm-none-eabi/5.4.1/../../../../arm-none-eabi/lib/armv7e-m\libg_nano.a(lib_a-nano-svfprintf.o) (_printf_i)
c:/program files (x86)/gnu tools arm embedded/5.4 2016q3/bin/../lib/gcc/arm-none-eabi/5.4.1/../../../../arm-none-eabi/lib/armv7e-m\libg_nano.a(lib_a-memchr.o)
                              c:/program files (x86)/gnu tools arm embedded/5.4 2016q3/bin/../lib/gcc/arm-none-eabi/5.4.1/../../../../arm-none-eabi/lib/armv7e-m\libg_nano.a(lib_a-nano-svfprintf.o) (memchr)
c:/program files (x86)/gnu tools arm embedded/5.4 2016q3/bin/../lib/gcc/arm-none-eabi/5.4.1/../../../../arm-none-eabi/lib/armv7e-m\libg_nano.a(lib_a-memcpy-stub.o)
                              c:/program files (x86)/gnu tools arm embedded/5.4 2016q3/bin/../lib/gcc/arm-none-eabi/5.4.1/../../../../arm-none-eabi/lib/armv7e-m\libg_nano.a(lib_a-nano-svfprintf.o) (memcpy)
c:/program files (x86)/gnu tools arm embedded/5.4 2016q3/bin/../lib/gcc/arm-none-eabi/5.4.1/../../../../arm-none-eabi/lib/armv7e-m\libg_nano.a(lib_a-memmove.o)
                              c:/program files (x86)/gnu tools arm embedded/5.4 2016q3/bin/../lib/gcc/arm-none-eabi/5.4.1/../../../../arm-none-eabi/lib/armv7e-m\libg_nano.a(lib_a-nano-svfprintf.o) (memmove)
c:/program files (x86)/gnu tools arm embedded/5.4 2016q3/bin/../lib/gcc/arm-none-eabi/5.4.1/../../../../arm-none-eabi/lib/armv7e-m\libg_nano.a(lib_a-nano-freer.o)
                              c:/program files (x86)/gnu tools arm embedded/5.4 2016q3/bin/../lib/gcc/arm-none-eabi/5.4.1/../../../../arm-none-eabi/lib/armv7e-m\libg_nano.a(lib_a-nano-svfprintf.o) (_free_r)
c:/program files (x86)/gnu tools arm embedded/5.4 2016q3/bin/../lib/gcc/arm-none-eabi/5.4.1/../../../../arm-none-eabi/lib/armv7e-m\libg_nano.a(lib_a-nano-mallocr.o)
                              c:/program files (x86)/gnu tools arm embedded/5.4 2016q3/bin/../lib/gcc/arm-none-eabi/5.4.1/../../../../arm-none-eabi/lib/armv7e-m\libg_nano.a(lib_a-nano-svfprintf.o) (_malloc_r)
c:/program files (x86)/gnu tools arm embedded/5.4 2016q3/bin/../lib/gcc/arm-none-eabi/5.4.1/../../../../arm-none-eabi/lib/armv7e-m\libg_nano.a(lib_a-nano-reallocr.o)
                              c:/program files (x86)/gnu tools arm embedded/5.4 2016q3/bin/../lib/gcc/arm-none-eabi/5.4.1/../../../../arm-none-eabi/lib/armv7e-m\libg_nano.a(lib_a-nano-svfprintf.o) (_realloc_r)
c:/program files (x86)/gnu tools arm embedded/5.4 2016q3/bin/../lib/gcc/arm-none-eabi/5.4.1/../../../../arm-none-eabi/lib/armv7e-m\libg_nano.a(lib_a-sbrkr.o)
                              c:/program files (x86)/gnu tools arm embedded/5.4 2016q3/bin/../lib/gcc/arm-none-eabi/5.4.1/../../../../arm-none-eabi/lib/armv7e-m\libg_nano.a(lib_a-nano-mallocr.o) (_sbrk_r)
c:/program files (x86)/gnu tools arm embedded/5.4 2016q3/bin/../lib/gcc/arm-none-eabi/5.4.1/../../../../arm-none-eabi/lib/armv7e-m\libg_nano.a(lib_a-mlock.o)
                              c:/program files (x86)/gnu tools arm embedded/5.4 2016q3/bin/../lib/gcc/arm-none-eabi/5.4.1/../../../../arm-none-eabi/lib/armv7e-m\libg_nano.a(lib_a-nano-freer.o) (__malloc_lock)
c:/program files (x86)/gnu tools arm embedded/5.4 2016q3/bin/../lib/gcc/arm-none-eabi/5.4.1/../../../../arm-none-eabi/lib/armv7e-m\libg_nano.a(lib_a-nano-msizer.o)
[...]
Memory Configuration

Name             Origin             Length             Attributes
RAM              0x20000000         0x00010000         xrw
CCMRAM           0x10000000         0x00000000         xrw
FLASH            0x08000000         0x00100000         xr
FLASHB1          0x00000000         0x00000000         xr
EXTMEMB0         0x00000000         0x00000000         xr
EXTMEMB1         0x00000000         0x00000000         xr
EXTMEMB2         0x00000000         0x00000000         xr
EXTMEMB3         0x00000000         0x00000000         xr
*default*        0x00000000         0xffffffff

Linker script and memory map

LOAD ./system/src/stm32f4-hal/stm32f4xx_hal.o
LOAD ./system/src/stm32f4-hal/stm32f4xx_hal_cortex.o
LOAD ./system/src/stm32f4-hal/stm32f4xx_hal_flash.o
LOAD ./system/src/stm32f4-hal/stm32f4xx_hal_flash_ex.o
LOAD ./system/src/stm32f4-hal/stm32f4xx_hal_flash_ramfunc.o
LOAD ./system/src/stm32f4-hal/stm32f4xx_hal_gpio.o
LOAD ./system/src/stm32f4-hal/stm32f4xx_hal_iwdg.o
LOAD ./system/src/stm32f4-hal/stm32f4xx_hal_pcd_ex.o
LOAD ./system/src/stm32f4-hal/stm32f4xx_hal_pwr.o
LOAD ./system/src/stm32f4-hal/stm32f4xx_hal_pwr_ex.o
LOAD ./system/src/stm32f4-hal/stm32f4xx_hal_rcc.o
LOAD ./system/src/stm32f4-hal/stm32f4xx_hal_rcc_ex.o
LOAD ./system/src/stm32f4-hal/stm32f4xx_hal_uart.o
LOAD ./system/src/stm32f4-hal/stm32f4xx_hal_usart.o
LOAD ./system/src/newlib/_cxx.o
LOAD ./system/src/newlib/_exit.o
LOAD ./system/src/newlib/_sbrk.o
LOAD ./system/src/newlib/_startup.o
LOAD ./system/src/newlib/_syscalls.o
LOAD ./system/src/newlib/assert.o
LOAD ./system/src/diag/Trace.o
LOAD ./system/src/diag/trace_impl.o
LOAD ./system/src/cortexm/_initialize_hardware.o
LOAD ./system/src/cortexm/_reset_hardware.o
LOAD ./system/src/cortexm/exception_handlers.o
LOAD ./system/src/cmsis/system_stm32f4xx.o
LOAD ./system/src/cmsis/vectors_stm32f4xx.o
LOAD ./src/_initialize_hardware.o
LOAD ./src/_write.o
LOAD ./src/main.o
LOAD c:/program files (x86)/gnu tools arm embedded/5.4 2016q3/bin/../lib/gcc/arm-none-eabi/5.4.1/../../../../arm-none-eabi/lib/armv7e-m\libstdc++_nano.a
LOAD c:/program files (x86)/gnu tools arm embedded/5.4 2016q3/bin/../lib/gcc/arm-none-eabi/5.4.1/../../../../arm-none-eabi/lib/armv7e-m\libm.a
START GROUP
LOAD c:/program files (x86)/gnu tools arm embedded/5.4 2016q3/bin/../lib/gcc/arm-none-eabi/5.4.1/armv7e-m\libgcc.a
LOAD c:/program files (x86)/gnu tools arm embedded/5.4 2016q3/bin/../lib/gcc/arm-none-eabi/5.4.1/../../../../arm-none-eabi/lib/armv7e-m\libg_nano.a
LOAD c:/program files (x86)/gnu tools arm embedded/5.4 2016q3/bin/../lib/gcc/arm-none-eabi/5.4.1/../../../../arm-none-eabi/lib/armv7e-m\libc_nano.a
END GROUP
START GROUP
LOAD c:/program files (x86)/gnu tools arm embedded/5.4 2016q3/bin/../lib/gcc/arm-none-eabi/5.4.1/armv7e-m\libgcc.a
LOAD c:/program files (x86)/gnu tools arm embedded/5.4 2016q3/bin/../lib/gcc/arm-none-eabi/5.4.1/../../../../arm-none-eabi/lib/armv7e-m\libc_nano.a
END GROUP
                0x20010000                __stack = (ORIGIN (RAM) + LENGTH (RAM))
                0x20010000                _estack = __stack
                0x00000400                __Main_Stack_Size = 0x400
                [!provide]                PROVIDE (_Main_Stack_Size, __Main_Stack_Size)
                0x2000fc00                __Main_Stack_Limit = (__stack - __Main_Stack_Size)
                [!provide]                PROVIDE (_Main_Stack_Limit, __Main_Stack_Limit)
                0x00000100                _Minimum_Stack_Size = 0x100
                0x20000168                PROVIDE (_Heap_Begin, _end_noinit)
                0x2000fc00                PROVIDE (_Heap_Limit, (__stack - __Main_Stack_Size))

.isr_vector     0x08000000      0x30c
 FILL mask 0xff
                0x08000000                __vectors_start__ = ABSOLUTE (.)
 *(.isr_vector)
 .isr_vector    0x08000000      0x1ac ./system/src/cmsis/vectors_stm32f4xx.o
                0x08000000                __isr_vectors
 *(.cfmconfig)
 *(.after_vectors .after_vectors.*)
 .after_vectors
                0x080001ac      0x130 ./system/src/newlib/_startup.o
                0x080001ac                _start
 .after_vectors
                0x080002dc       0x2c ./system/src/cortexm/exception_handlers.o
                0x080002dc                Reset_Handler
                0x080002e4                NMI_Handler
                0x080002e8                HardFault_Handler
                0x080002ec                MemManage_Handler
                0x080002f0                BusFault_Handler
                0x080002f4                UsageFault_Handler
                0x080002f8                SVC_Handler
                0x080002fc                DebugMon_Handler
                0x08000300                PendSV_Handler
                0x08000304                SysTick_Handler
 .after_vectors
                0x08000308        0x4 ./system/src/cmsis/vectors_stm32f4xx.o
                0x08000308                RTC_Alarm_IRQHandler
                0x08000308                HASH_RNG_IRQHandler
                0x08000308                EXTI2_IRQHandler
                0x08000308                TIM8_CC_IRQHandler
                0x08000308                UART8_IRQHandler
                0x08000308                SPI4_IRQHandler
                0x08000308                TIM1_CC_IRQHandler
                0x08000308                DMA2_Stream5_IRQHandler
                0x08000308                DMA1_Stream5_IRQHandler
                0x08000308                PVD_IRQHandler
                0x08000308                SDIO_IRQHandler
                0x08000308                TAMP_STAMP_IRQHandler
                0x08000308                CAN2_RX1_IRQHandler
                0x08000308                EXTI3_IRQHandler
                0x08000308                TIM8_TRG_COM_TIM14_IRQHandler
                0x08000308                TIM1_UP_TIM10_IRQHandler
                0x08000308                TIM8_UP_TIM13_IRQHandler
                0x08000308                I2C3_ER_IRQHandler
                0x08000308                EXTI0_IRQHandler
                0x08000308                I2C2_EV_IRQHandler
                0x08000308                DMA1_Stream2_IRQHandler
                0x08000308                CAN1_RX0_IRQHandler
                0x08000308                FPU_IRQHandler
                0x08000308                OTG_HS_WKUP_IRQHandler
                0x08000308                LTDC_ER_IRQHandler
                0x08000308                CAN2_SCE_IRQHandler
                0x08000308                DMA2_Stream2_IRQHandler
                0x08000308                SPI1_IRQHandler
                0x08000308                TIM6_DAC_IRQHandler
                0x08000308                TIM1_BRK_TIM9_IRQHandler
                0x08000308                DCMI_IRQHandler
                0x08000308                CAN2_RX0_IRQHandler
                0x08000308                DMA2_Stream3_IRQHandler
                0x08000308                USART6_IRQHandler
                0x08000308                USART3_IRQHandler
                0x08000308                CAN1_RX1_IRQHandler
                0x08000308                UART5_IRQHandler
                0x08000308                DMA2_Stream0_IRQHandler
                0x08000308                TIM4_IRQHandler
                0x08000308                I2C1_EV_IRQHandler
                0x08000308                DMA1_Stream6_IRQHandler
                0x08000308                DMA1_Stream1_IRQHandler
                0x08000308                UART4_IRQHandler
                0x08000308                TIM3_IRQHandler
                0x08000308                RCC_IRQHandler
                0x08000308                TIM8_BRK_TIM12_IRQHandler
                0x08000308                Default_Handler
                0x08000308                EXTI15_10_IRQHandler
                0x08000308                ADC_IRQHandler
                0x08000308                DMA1_Stream7_IRQHandler
                0x08000308                SPI5_IRQHandler
                0x08000308                TIM7_IRQHandler
                0x08000308                CAN2_TX_IRQHandler
                0x08000308                TIM5_IRQHandler
                0x08000308                DMA2_Stream7_IRQHandler
                0x08000308                I2C3_EV_IRQHandler
                0x08000308                EXTI9_5_IRQHandler
                0x08000308                RTC_WKUP_IRQHandler
                0x08000308                LTDC_IRQHandler
                0x08000308                ETH_WKUP_IRQHandler
                0x08000308                SPI2_IRQHandler
                0x08000308                OTG_HS_EP1_IN_IRQHandler
                0x08000308                DMA1_Stream0_IRQHandler
                0x08000308                CAN1_TX_IRQHandler
                0x08000308                EXTI4_IRQHandler
                0x08000308                ETH_IRQHandler
                0x08000308                OTG_HS_EP1_OUT_IRQHandler
                0x08000308                WWDG_IRQHandler
                0x08000308                SPI6_IRQHandler
                0x08000308                TIM2_IRQHandler
                0x08000308                OTG_FS_WKUP_IRQHandler
                0x08000308                TIM1_TRG_COM_TIM11_IRQHandler
                0x08000308                OTG_HS_IRQHandler
                0x08000308                DMA2D_IRQHandler
                0x08000308                EXTI1_IRQHandler
                0x08000308                UART7_IRQHandler
                0x08000308                USART2_IRQHandler
                0x08000308                I2C2_ER_IRQHandler
                0x08000308                DMA2_Stream1_IRQHandler
                0x08000308                CAN1_SCE_IRQHandler
                0x08000308                FLASH_IRQHandler
                0x08000308                DMA2_Stream4_IRQHandler
                0x08000308                USART1_IRQHandler
                0x08000308                OTG_FS_IRQHandler
                0x08000308                SPI3_IRQHandler
                0x08000308                DMA1_Stream4_IRQHandler
                0x08000308                I2C1_ER_IRQHandler
                0x08000308                FMC_IRQHandler
                0x08000308                DMA2_Stream6_IRQHandler
                0x08000308                SAI1_IRQHandler
                0x08000308                DMA1_Stream3_IRQHandler

.inits          0x0800030c       0x28
                0x0800030c                __data_regions_array_start = .
                0x0800030c        0x4 LONG 0x8002540 LOADADDR (.data)
                0x08000310        0x4 LONG 0x20000000 ADDR (.data)
                0x08000314        0x4 LONG 0x20000088 (ADDR (.data) + SIZEOF (.data))
                0x08000318        0x4 LONG 0x8002540 LOADADDR (.data_CCMRAM)
                0x0800031c        0x4 LONG 0x10000000 ADDR (.data_CCMRAM)
                0x08000320        0x4 LONG 0x10000000 (ADDR (.data_CCMRAM) + SIZEOF (.data_CCMRAM))
                0x08000324                __data_regions_array_end = .
                0x08000324                __bss_regions_array_start = .
                0x08000324        0x4 LONG 0x20000088 ADDR (.bss)
                0x08000328        0x4 LONG 0x20000168 (ADDR (.bss) + SIZEOF (.bss))
                0x0800032c        0x4 LONG 0x10000000 ADDR (.bss_CCMRAM)
                0x08000330        0x4 LONG 0x10000000 (ADDR (.bss_CCMRAM) + SIZEOF (.bss_CCMRAM))
                0x08000334                __bss_regions_array_end = .
 *(.init)
 *(.fini)
                0x08000334                . = ALIGN (0x4)
                0x08000334                PROVIDE (__preinit_array_start, .)
 *(.preinit_array_sysinit .preinit_array_sysinit.*)
 *(.preinit_array_platform .preinit_array_platform.*)
 *(.preinit_array .preinit_array.*)
                0x08000334                PROVIDE (__preinit_array_end, .)
                0x08000334                . = ALIGN (0x4)
                0x08000334                PROVIDE (__init_array_start, .)
 *(SORT(.init_array.*))
 *(.init_array)
                0x08000334                PROVIDE (__init_array_end, .)
                0x08000334                . = ALIGN (0x4)
                0x08000334                PROVIDE (__fini_array_start, .)
 *(SORT(.fini_array.*))
 *(.fini_array)
                0x08000334                PROVIDE (__fini_array_end, .)

.flashtext
 *(.flashtext .flashtext.*)

.text           0x08000340     0x21ff
 *(.text .text.*)
 .text.HAL_MspInit
                0x08000340        0x4 ./system/src/stm32f4-hal/stm32f4xx_hal.o
                0x08000340                HAL_MspInit
 .text.HAL_InitTick
                0x08000344       0x28 ./system/src/stm32f4-hal/stm32f4xx_hal.o
                0x08000344                HAL_InitTick
 .text.HAL_Init
                0x0800036c       0x34 ./system/src/stm32f4-hal/stm32f4xx_hal.o
                0x0800036c                HAL_Init
 .text.HAL_GetTick
                0x080003a0        0xc ./system/src/stm32f4-hal/stm32f4xx_hal.o
                0x080003a0                HAL_GetTick
 .text.HAL_NVIC_SetPriorityGrouping
                0x080003ac       0x3c ./system/src/stm32f4-hal/stm32f4xx_hal_cortex.o
                0x080003ac                HAL_NVIC_SetPriorityGrouping
 .text.HAL_NVIC_SetPriority
                0x080003e8       0x84 ./system/src/stm32f4-hal/stm32f4xx_hal_cortex.o
                0x080003e8                HAL_NVIC_SetPriority
 .text.HAL_SYSTICK_Config
                0x0800046c       0x2c ./system/src/stm32f4-hal/stm32f4xx_hal_cortex.o
                0x0800046c                HAL_SYSTICK_Config
 .text.HAL_SYSTICK_CLKSourceConfig
                0x08000498       0x38 ./system/src/stm32f4-hal/stm32f4xx_hal_cortex.o
                0x08000498                HAL_SYSTICK_CLKSourceConfig
 .text.HAL_GPIO_Init
                0x080004d0      0x2f4 ./system/src/stm32f4-hal/stm32f4xx_hal_gpio.o
                0x080004d0                HAL_GPIO_Init
 .text.HAL_RCC_OscConfig
                0x080007c4      0x4b4 ./system/src/stm32f4-hal/stm32f4xx_hal_rcc.o
                0x080007c4                HAL_RCC_OscConfig
 .text.HAL_RCC_ClockConfig
                0x08000c78      0x32c ./system/src/stm32f4-hal/stm32f4xx_hal_rcc.o
                0x08000c78                HAL_RCC_ClockConfig
 .text.HAL_RCC_GetSysClockFreq
                0x08000fa4       0xb8 ./system/src/stm32f4-hal/stm32f4xx_hal_rcc.o
                0x08000fa4                HAL_RCC_GetSysClockFreq
 .text.HAL_RCC_GetHCLKFreq
                0x0800105c       0x38 ./system/src/stm32f4-hal/stm32f4xx_hal_rcc.o
                0x0800105c                HAL_RCC_GetHCLKFreq
 .text.HAL_RCC_GetPCLK1Freq
                0x08001094       0x30 ./system/src/stm32f4-hal/stm32f4xx_hal_rcc.o
                0x08001094                HAL_RCC_GetPCLK1Freq
 .text.HAL_RCC_GetPCLK2Freq
                0x080010c4       0x30 ./system/src/stm32f4-hal/stm32f4xx_hal_rcc.o
                0x080010c4                HAL_RCC_GetPCLK2Freq
 .text.UART_SetConfig
                0x080010f4      0x318 ./system/src/stm32f4-hal/stm32f4xx_hal_uart.o
 .text.UART_WaitOnFlagUntilTimeout
                0x0800140c       0xd4 ./system/src/stm32f4-hal/stm32f4xx_hal_uart.o
 .text.HAL_UART_Init
                0x080014e0       0xdc ./system/src/stm32f4-hal/stm32f4xx_hal_uart.o
                0x080014e0                HAL_UART_Init
 .text.HAL_UART_Transmit
                0x080015bc       0xec ./system/src/stm32f4-hal/stm32f4xx_hal_uart.o
                0x080015bc                HAL_UART_Transmit
 .text._exit    0x080016a8        0x4 ./system/src/newlib/_exit.o
                0x080016a8                _exit
 .text.abort    0x080016ac       0x14 ./system/src/newlib/_exit.o
                0x080016ac                abort
 .text._sbrk    0x080016c0       0x44 ./system/src/newlib/_sbrk.o
                0x080016c0                _sbrk
 .text.__initialize_args
                0x08001704       0x10 ./system/src/newlib/_syscalls.o
                0x08001704                __initialize_args
 .text.assert_failed
                0x08001714       0x14 ./system/src/newlib/assert.o
                0x08001714                assert_failed
 .text.trace_printf
                0x08001728       0x30 ./system/src/diag/Trace.o
                0x08001728                trace_printf
 .text.trace_puts
                0x08001758       0x20 ./system/src/diag/Trace.o
                0x08001758                trace_puts
 .text._trace_write_semihosting_stdout
                0x08001778       0x84 ./system/src/diag/trace_impl.o
 .text.trace_write
                0x080017fc        0x8 ./system/src/diag/trace_impl.o
                0x080017fc                trace_write
 .text.__initialize_hardware_early
                0x08001804        0x8 ./system/src/cortexm/_initialize_hardware.o
                0x08001804                __initialize_hardware_early
 .text.SystemInit
                0x0800180c       0x40 ./system/src/cmsis/system_stm32f4xx.o
                0x0800180c                SystemInit
 .text.SystemCoreClockUpdate
                0x0800184c       0xa4 ./system/src/cmsis/system_stm32f4xx.o
                0x0800184c                SystemCoreClockUpdate
 .text.MX_USART2_UART_Init
                0x080018f0       0x2c ./src/_initialize_hardware.o
 .text.SystemClock_Config
                0x0800191c       0x80 ./src/_initialize_hardware.o
                0x0800191c                SystemClock_Config
 .text.__initialize_hardware
                0x0800199c       0x18 ./src/_initialize_hardware.o
                0x0800199c                __initialize_hardware
 .text.HAL_UART_MspInit
                0x080019b4       0x4c ./src/_initialize_hardware.o
                0x080019b4                HAL_UART_MspInit
 .text.main     0x08001a00       0x2c ./src/main.o
                0x08001a00                main
 .text.__errno  0x08001a2c        0xc c:/program files (x86)/gnu tools arm embedded/5.4 2016q3/bin/../lib/gcc/arm-none-eabi/5.4.1/../../../../arm-none-eabi/lib/armv7e-m\libg_nano.a(lib_a-errno.o)
                0x08001a2c                __errno
 .text          0x08001a38       0x10 c:/program files (x86)/gnu tools arm embedded/5.4 2016q3/bin/../lib/gcc/arm-none-eabi/5.4.1/../../../../arm-none-eabi/lib/armv7e-m\libg_nano.a(lib_a-strlen.o)
                0x08001a38                strlen
 .text._vsnprintf_r
                0x08001a48       0x56 c:/program files (x86)/gnu tools arm embedded/5.4 2016q3/bin/../lib/gcc/arm-none-eabi/5.4.1/../../../../arm-none-eabi/lib/armv7e-m\libg_nano.a(lib_a-vsnprintf.o)
                0x08001a48                _vsniprintf_r
                0x08001a48                _vsnprintf_r
 *fill*         0x08001a9e        0x2 
 .text.vsnprintf
                0x08001aa0       0x1c c:/program files (x86)/gnu tools arm embedded/5.4 2016q3/bin/../lib/gcc/arm-none-eabi/5.4.1/../../../../arm-none-eabi/lib/armv7e-m\libg_nano.a(lib_a-vsnprintf.o)
                0x08001aa0                vsniprintf
                0x08001aa0                vsnprintf
 .text.__ssputs_r
                0x08001abc       0xb2 c:/program files (x86)/gnu tools arm embedded/5.4 2016q3/bin/../lib/gcc/arm-none-eabi/5.4.1/../../../../arm-none-eabi/lib/armv7e-m\libg_nano.a(lib_a-nano-svfprintf.o)
                0x08001abc                __ssputs_r
 *fill*         0x08001b6e        0x2 
 .text._svfprintf_r
                0x08001b70      0x1e8 c:/program files (x86)/gnu tools arm embedded/5.4 2016q3/bin/../lib/gcc/arm-none-eabi/5.4.1/../../../../arm-none-eabi/lib/armv7e-m\libg_nano.a(lib_a-nano-svfprintf.o)
                0x08001b70                _svfiprintf_r
                0x08001b70                _svfprintf_r
 .text._printf_common
                0x08001d58       0xec c:/program files (x86)/gnu tools arm embedded/5.4 2016q3/bin/../lib/gcc/arm-none-eabi/5.4.1/../../../../arm-none-eabi/lib/armv7e-m\libg_nano.a(lib_a-nano-vfprintf_i.o)
                0x08001d58                _printf_common
 .text._printf_i
                0x08001e44      0x24c c:/program files (x86)/gnu tools arm embedded/5.4 2016q3/bin/../lib/gcc/arm-none-eabi/5.4.1/../../../../arm-none-eabi/lib/armv7e-m\libg_nano.a(lib_a-nano-vfprintf_i.o)
                0x08001e44                _printf_i
 .text          0x08002090       0xa0 c:/program files (x86)/gnu tools arm embedded/5.4 2016q3/bin/../lib/gcc/arm-none-eabi/5.4.1/../../../../arm-none-eabi/lib/armv7e-m\libg_nano.a(lib_a-memchr.o)
                0x08002090                memchr
 .text.memcpy   0x08002130       0x16 c:/program files (x86)/gnu tools arm embedded/5.4 2016q3/bin/../lib/gcc/arm-none-eabi/5.4.1/../../../../arm-none-eabi/lib/armv7e-m\libg_nano.a(lib_a-memcpy-stub.o)
                0x08002130                memcpy
 .text.memmove  0x08002146       0x36 c:/program files (x86)/gnu tools arm embedded/5.4 2016q3/bin/../lib/gcc/arm-none-eabi/5.4.1/../../../../arm-none-eabi/lib/armv7e-m\libg_nano.a(lib_a-memmove.o)
                0x08002146                memmove
 .text._free_r  0x0800217c       0x9c c:/program files (x86)/gnu tools arm embedded/5.4 2016q3/bin/../lib/gcc/arm-none-eabi/5.4.1/../../../../arm-none-eabi/lib/armv7e-m\libg_nano.a(lib_a-nano-freer.o)
                0x0800217c                _free_r
 .text._malloc_r
                0x08002218       0xbc c:/program files (x86)/gnu tools arm embedded/5.4 2016q3/bin/../lib/gcc/arm-none-eabi/5.4.1/../../../../arm-none-eabi/lib/armv7e-m\libg_nano.a(lib_a-nano-mallocr.o)
                0x08002218                _malloc_r
 .text._realloc_r
                0x080022d4       0x4c c:/program files (x86)/gnu tools arm embedded/5.4 2016q3/bin/../lib/gcc/arm-none-eabi/5.4.1/../../../../arm-none-eabi/lib/armv7e-m\libg_nano.a(lib_a-nano-reallocr.o)
                0x080022d4                _realloc_r
 .text._sbrk_r  0x08002320       0x20 c:/program files (x86)/gnu tools arm embedded/5.4 2016q3/bin/../lib/gcc/arm-none-eabi/5.4.1/../../../../arm-none-eabi/lib/armv7e-m\libg_nano.a(lib_a-sbrkr.o)
                0x08002320                _sbrk_r
 .text.__malloc_lock
                0x08002340        0x2 c:/program files (x86)/gnu tools arm embedded/5.4 2016q3/bin/../lib/gcc/arm-none-eabi/5.4.1/../../../../arm-none-eabi/lib/armv7e-m\libg_nano.a(lib_a-mlock.o)
                0x08002340                __malloc_lock
 .text.__malloc_unlock
                0x08002342        0x2 c:/program files (x86)/gnu tools arm embedded/5.4 2016q3/bin/../lib/gcc/arm-none-eabi/5.4.1/../../../../arm-none-eabi/lib/armv7e-m\libg_nano.a(lib_a-mlock.o)
                0x08002342                __malloc_unlock
 .text._malloc_usable_size_r
                0x08002344       0x14 c:/program files (x86)/gnu tools arm embedded/5.4 2016q3/bin/../lib/gcc/arm-none-eabi/5.4.1/../../../../arm-none-eabi/lib/armv7e-m\libg_nano.a(lib_a-nano-msizer.o)
                0x08002344                _malloc_usable_size_r
 *(.rodata .rodata.* .constdata .constdata.*)
 .rodata.str1.4
                0x08002358       0x31 ./system/src/stm32f4-hal/stm32f4xx_hal_cortex.o
 *fill*         0x08002389        0x3 
 .rodata.str1.4
                0x0800238c       0x2f ./system/src/stm32f4-hal/stm32f4xx_hal_gpio.o
 *fill*         0x080023bb        0x1 
 .rodata.APBAHBPrescTable
                0x080023bc       0x10 ./system/src/stm32f4-hal/stm32f4xx_hal_rcc.o
                0x080023bc                APBAHBPrescTable
 .rodata.str1.4
                0x080023cc       0x2e ./system/src/stm32f4-hal/stm32f4xx_hal_rcc.o
 *fill*         0x080023fa        0x2 
 .rodata.str1.4
                0x080023fc       0x2f ./system/src/stm32f4-hal/stm32f4xx_hal_uart.o
 *fill*         0x0800242b        0x1 
 .rodata.str1.4
                0x0800242c       0x14 ./system/src/newlib/_exit.o
 .rodata.str1.4
                0x08002440       0x6b ./system/src/newlib/assert.o
                                 0x6f (size before relaxing)
 *fill*         0x080024ab        0x1 
 .rodata.str1.4
                0x080024ac       0x2d ./system/src/diag/Trace.o
 *fill*         0x080024d9        0x3 
 .rodata.str1.4
                0x080024dc        0x4 ./system/src/diag/trace_impl.o
 .rodata.str1.4
                0x080024e0       0x2c ./src/main.o
                                 0x2b (size before relaxing)
 .rodata.str1.1
                0x0800250c       0x11 c:/program files (x86)/gnu tools arm embedded/5.4 2016q3/bin/../lib/gcc/arm-none-eabi/5.4.1/../../../../arm-none-eabi/lib/armv7e-m\libg_nano.a(lib_a-nano-svfprintf.o)
 .rodata.str1.1
                0x0800251d       0x22 c:/program files (x86)/gnu tools arm embedded/5.4 2016q3/bin/../lib/gcc/arm-none-eabi/5.4.1/../../../../arm-none-eabi/lib/armv7e-m\libg_nano.a(lib_a-nano-vfprintf_i.o)
 *(vtable)
 *(.eh_frame*)
 *(.glue_7)
 .glue_7        0x0800253f        0x0 linker stubs
 *(.glue_7t)
 .glue_7t       0x0800253f        0x0 linker stubs

.vfp11_veneer   0x08002540        0x0
 .vfp11_veneer  0x08002540        0x0 linker stubs

.v4_bx          0x08002540        0x0
 .v4_bx         0x08002540        0x0 linker stubs

.iplt           0x08002540        0x0
 .iplt          0x08002540        0x0 ./system/src/stm32f4-hal/stm32f4xx_hal.o

.rel.dyn        0x08002540        0x0
 .rel.iplt      0x08002540        0x0 ./system/src/stm32f4-hal/stm32f4xx_hal.o

.ARM.extab
 *(.ARM.extab* .gnu.linkonce.armextab.*)
                0x08002540                . = ALIGN (0x4)
                0x08002540                __exidx_start = .

.ARM.exidx
 *(.ARM.exidx* .gnu.linkonce.armexidx.*)
                0x08002540                __exidx_end = .
                0x08002540                . = ALIGN (0x4)
                0x08002540                _etext = .
                0x08002540                __etext = .

.data_CCMRAM    0x10000000        0x0 load address 0x08002540
 FILL mask 0xff
 *(.data.CCMRAM .data.CCMRAM.*)
                0x10000000                . = ALIGN (0x4)
                0x08002540                _sidata = LOADADDR (.data)

.data           0x20000000       0x88 load address 0x08002540
 FILL mask 0xff
                0x20000000                _sdata = .
                0x20000000                __data_start__ = .
 *(.data_begin .data_begin.*)
 .data_begin    0x20000000        0x4 ./system/src/newlib/_startup.o
 *(.data .data.*)
 .data.argv.4289
                0x20000004        0x8 ./system/src/newlib/_syscalls.o
 .data.AHBPrescTable
                0x2000000c       0x10 ./system/src/cmsis/system_stm32f4xx.o
                0x2000000c                AHBPrescTable
 .data.SystemCoreClock
                0x2000001c        0x4 ./system/src/cmsis/system_stm32f4xx.o
                0x2000001c                SystemCoreClock
 .data.impure_data
                0x20000020       0x60 c:/program files (x86)/gnu tools arm embedded/5.4 2016q3/bin/../lib/gcc/arm-none-eabi/5.4.1/../../../../arm-none-eabi/lib/armv7e-m\libg_nano.a(lib_a-impure.o)
 .data._impure_ptr
                0x20000080        0x4 c:/program files (x86)/gnu tools arm embedded/5.4 2016q3/bin/../lib/gcc/arm-none-eabi/5.4.1/../../../../arm-none-eabi/lib/armv7e-m\libg_nano.a(lib_a-impure.o)
                0x20000080                _impure_ptr
 *(.data_end .data_end.*)
 .data_end      0x20000084        0x4 ./system/src/newlib/_startup.o
                0x20000088                . = ALIGN (0x4)
                0x20000088                _edata = .
                0x20000088                __data_end__ = .

.igot.plt       0x20000088        0x0 load address 0x080025c8
 .igot.plt      0x20000088        0x0 ./system/src/stm32f4-hal/stm32f4xx_hal.o

.bss_CCMRAM     0x10000000        0x0
 *(.bss.CCMRAM .bss.CCMRAM.*)

.bss            0x20000088       0xe0
                0x20000088                __bss_start__ = .
                0x20000088                _sbss = .
 *(.bss_begin .bss_begin.*)
 .bss_begin     0x20000088        0x4 ./system/src/newlib/_startup.o
 *(.bss .bss.*)
 .bss.uwTick    0x2000008c        0x4 ./system/src/stm32f4-hal/stm32f4xx_hal.o
 .bss.current_heap_end.3974
                0x20000090        0x4 ./system/src/newlib/_sbrk.o
 .bss.name.4288
                0x20000094        0x1 ./system/src/newlib/_syscalls.o
 *fill*         0x20000095        0x3 
 .bss.buf.5179  0x20000098       0x80 ./system/src/diag/Trace.o
 .bss.handle.9932
                0x20000118        0x4 ./system/src/diag/trace_impl.o
 .bss.__malloc_sbrk_start
                0x2000011c        0x4 c:/program files (x86)/gnu tools arm embedded/5.4 2016q3/bin/../lib/gcc/arm-none-eabi/5.4.1/../../../../arm-none-eabi/lib/armv7e-m\libg_nano.a(lib_a-nano-mallocr.o)
                0x2000011c                __malloc_sbrk_start
 .bss.__malloc_free_list
                0x20000120        0x4 c:/program files (x86)/gnu tools arm embedded/5.4 2016q3/bin/../lib/gcc/arm-none-eabi/5.4.1/../../../../arm-none-eabi/lib/armv7e-m\libg_nano.a(lib_a-nano-mallocr.o)
                0x20000120                __malloc_free_list
 *(COMMON)
 COMMON         0x20000124        0x4 ./system/src/newlib/_syscalls.o
                0x20000124                errno
 COMMON         0x20000128       0x3c ./src/_initialize_hardware.o
                0x20000128                huart2
 *(.bss_end .bss_end.*)
 .bss_end       0x20000164        0x4 ./system/src/newlib/_startup.o
                0x20000168                . = ALIGN (0x4)
                0x20000168                __bss_end__ = .
                0x20000168                _ebss = .

.noinit_CCMRAM
 *(.noinit.CCMRAM .noinit.CCMRAM.*)

.noinit         0x20000168        0x0
                0x20000168                _noinit = .
 *(.noinit .noinit.*)
                0x20000168                . = ALIGN (0x4)
                0x20000168                _end_noinit = .
                [!provide]                PROVIDE (end, _end_noinit)
                [!provide]                PROVIDE (_end, _end_noinit)
                [!provide]                PROVIDE (__end, _end_noinit)
                [!provide]                PROVIDE (__end__, _end_noinit)

._check_stack   0x20000168      0x100
                0x20000268                . = (. + _Minimum_Stack_Size)
 *fill*         0x20000168      0x100 

.b1text
 *(.b1text)
 *(.b1rodata)
 *(.b1rodata.*)

.eb0text
 *(.eb0text)
 *(.eb0rodata)
 *(.eb0rodata.*)

.eb1text
 *(.eb1text)
 *(.eb1rodata)
 *(.eb1rodata.*)

.eb2text
 *(.eb2text)
 *(.eb2rodata)
 *(.eb2rodata.*)

.eb3text
 *(.eb3text)
 *(.eb3rodata)
 *(.eb3rodata.*)

.stab
 *(.stab)

.stabstr
 *(.stabstr)

.stab.excl
 *(.stab.excl)

.stab.exclstr
 *(.stab.exclstr)

.stab.index
 *(.stab.index)

.stab.indexstr
 *(.stab.indexstr)

.comment        0x00000000       0x6e
 *(.comment)
 .comment       0x00000000       0x6e ./system/src/stm32f4-hal/stm32f4xx_hal.o
                                 0x6f (size before relaxing)
 .comment       0x0000006e       0x6f ./system/src/stm32f4-hal/stm32f4xx_hal_cortex.o
 .comment       0x0000006e       0x6f ./system/src/stm32f4-hal/stm32f4xx_hal_gpio.o
 .comment       0x0000006e       0x6f ./system/src/stm32f4-hal/stm32f4xx_hal_rcc.o
 .comment       0x0000006e       0x6f ./system/src/stm32f4-hal/stm32f4xx_hal_uart.o
 .comment       0x0000006e       0x6f ./system/src/newlib/_exit.o
 .comment       0x0000006e       0x6f ./system/src/newlib/_sbrk.o
 .comment       0x0000006e       0x6f ./system/src/newlib/_startup.o
 .comment       0x0000006e       0x6f ./system/src/newlib/_syscalls.o
 .comment       0x0000006e       0x6f ./system/src/newlib/assert.o
 .comment       0x0000006e       0x6f ./system/src/diag/Trace.o
 .comment       0x0000006e       0x6f ./system/src/diag/trace_impl.o
 .comment       0x0000006e       0x6f ./system/src/cortexm/_initialize_hardware.o
 .comment       0x0000006e       0x6f ./system/src/cortexm/exception_handlers.o
 .comment       0x0000006e       0x6f ./system/src/cmsis/system_stm32f4xx.o
 .comment       0x0000006e       0x6f ./system/src/cmsis/vectors_stm32f4xx.o
 .comment       0x0000006e       0x6f ./src/_initialize_hardware.o
 .comment       0x0000006e       0x6f ./src/main.o

.ARM.attributes
                0x00000000       0x31
 .ARM.attributes
                0x00000000       0x33 ./system/src/stm32f4-hal/stm32f4xx_hal.o
 .ARM.attributes
                0x00000033       0x33 ./system/src/stm32f4-hal/stm32f4xx_hal_cortex.o
 .ARM.attributes
                0x00000066       0x33 ./system/src/stm32f4-hal/stm32f4xx_hal_gpio.o
 .ARM.attributes
                0x00000099       0x33 ./system/src/stm32f4-hal/stm32f4xx_hal_rcc.o
 .ARM.attributes
                0x000000cc       0x33 ./system/src/stm32f4-hal/stm32f4xx_hal_uart.o
 .ARM.attributes
                0x000000ff       0x33 ./system/src/newlib/_exit.o
 .ARM.attributes
                0x00000132       0x33 ./system/src/newlib/_sbrk.o
 .ARM.attributes
                0x00000165       0x33 ./system/src/newlib/_startup.o
 .ARM.attributes
                0x00000198       0x33 ./system/src/newlib/_syscalls.o
 .ARM.attributes
                0x000001cb       0x33 ./system/src/newlib/assert.o
 .ARM.attributes
                0x000001fe       0x33 ./system/src/diag/Trace.o
 .ARM.attributes
                0x00000231       0x33 ./system/src/diag/trace_impl.o
 .ARM.attributes
                0x00000264       0x33 ./system/src/cortexm/_initialize_hardware.o
 .ARM.attributes
                0x00000297       0x33 ./system/src/cortexm/exception_handlers.o
 .ARM.attributes
                0x000002ca       0x33 ./system/src/cmsis/system_stm32f4xx.o
 .ARM.attributes
                0x000002fd       0x33 ./system/src/cmsis/vectors_stm32f4xx.o
 .ARM.attributes
                0x00000330       0x33 ./src/_initialize_hardware.o
 .ARM.attributes
                0x00000363       0x33 ./src/main.o
 .ARM.attributes
                0x00000396       0x2e c:/program files (x86)/gnu tools arm embedded/5.4 2016q3/bin/../lib/gcc/arm-none-eabi/5.4.1/../../../../arm-none-eabi/lib/armv7e-m\libg_nano.a(lib_a-errno.o)
 .ARM.attributes
                0x000003c4       0x2e c:/program files (x86)/gnu tools arm embedded/5.4 2016q3/bin/../lib/gcc/arm-none-eabi/5.4.1/../../../../arm-none-eabi/lib/armv7e-m\libg_nano.a(lib_a-impure.o)
 .ARM.attributes
                0x000003f2       0x17 c:/program files (x86)/gnu tools arm embedded/5.4 2016q3/bin/../lib/gcc/arm-none-eabi/5.4.1/../../../../arm-none-eabi/lib/armv7e-m\libg_nano.a(lib_a-strlen.o)
 .ARM.attributes
                0x00000409       0x2e c:/program files (x86)/gnu tools arm embedded/5.4 2016q3/bin/../lib/gcc/arm-none-eabi/5.4.1/../../../../arm-none-eabi/lib/armv7e-m\libg_nano.a(lib_a-vsnprintf.o)
 .ARM.attributes
                0x00000437       0x2e c:/program files (x86)/gnu tools arm embedded/5.4 2016q3/bin/../lib/gcc/arm-none-eabi/5.4.1/../../../../arm-none-eabi/lib/armv7e-m\libg_nano.a(lib_a-nano-svfprintf.o)
 .ARM.attributes
                0x00000465       0x2e c:/program files (x86)/gnu tools arm embedded/5.4 2016q3/bin/../lib/gcc/arm-none-eabi/5.4.1/../../../../arm-none-eabi/lib/armv7e-m\libg_nano.a(lib_a-nano-vfprintf_i.o)
 .ARM.attributes
                0x00000493       0x1c c:/program files (x86)/gnu tools arm embedded/5.4 2016q3/bin/../lib/gcc/arm-none-eabi/5.4.1/../../../../arm-none-eabi/lib/armv7e-m\libg_nano.a(lib_a-memchr.o)
 .ARM.attributes
                0x000004af       0x2e c:/program files (x86)/gnu tools arm embedded/5.4 2016q3/bin/../lib/gcc/arm-none-eabi/5.4.1/../../../../arm-none-eabi/lib/armv7e-m\libg_nano.a(lib_a-memcpy-stub.o)
 .ARM.attributes
                0x000004dd       0x2e c:/program files (x86)/gnu tools arm embedded/5.4 2016q3/bin/../lib/gcc/arm-none-eabi/5.4.1/../../../../arm-none-eabi/lib/armv7e-m\libg_nano.a(lib_a-memmove.o)
 .ARM.attributes
                0x0000050b       0x2e c:/program files (x86)/gnu tools arm embedded/5.4 2016q3/bin/../lib/gcc/arm-none-eabi/5.4.1/../../../../arm-none-eabi/lib/armv7e-m\libg_nano.a(lib_a-nano-freer.o)
 .ARM.attributes
                0x00000539       0x2e c:/program files (x86)/gnu tools arm embedded/5.4 2016q3/bin/../lib/gcc/arm-none-eabi/5.4.1/../../../../arm-none-eabi/lib/armv7e-m\libg_nano.a(lib_a-nano-mallocr.o)
 .ARM.attributes
                0x00000567       0x2e c:/program files (x86)/gnu tools arm embedded/5.4 2016q3/bin/../lib/gcc/arm-none-eabi/5.4.1/../../../../arm-none-eabi/lib/armv7e-m\libg_nano.a(lib_a-nano-reallocr.o)
 .ARM.attributes
                0x00000595       0x2e c:/program files (x86)/gnu tools arm embedded/5.4 2016q3/bin/../lib/gcc/arm-none-eabi/5.4.1/../../../../arm-none-eabi/lib/armv7e-m\libg_nano.a(lib_a-sbrkr.o)
 .ARM.attributes
                0x000005c3       0x2e c:/program files (x86)/gnu tools arm embedded/5.4 2016q3/bin/../lib/gcc/arm-none-eabi/5.4.1/../../../../arm-none-eabi/lib/armv7e-m\libg_nano.a(lib_a-mlock.o)
 .ARM.attributes
                0x000005f1       0x2e c:/program files (x86)/gnu tools arm embedded/5.4 2016q3/bin/../lib/gcc/arm-none-eabi/5.4.1/../../../../arm-none-eabi/lib/armv7e-m\libg_nano.a(lib_a-nano-msizer.o)

.debug
 *(.debug)

.line
 *(.line)

.debug_srcinfo
 *(.debug_srcinfo)

.debug_sfnames
 *(.debug_sfnames)

.debug_aranges  0x00000000      0x600
 *(.debug_aranges)
 .debug_aranges
                0x00000000       0xd0 ./system/src/stm32f4-hal/stm32f4xx_hal.o
 .debug_aranges
                0x000000d0       0x90 ./system/src/stm32f4-hal/stm32f4xx_hal_cortex.o
 .debug_aranges
                0x00000160       0x58 ./system/src/stm32f4-hal/stm32f4xx_hal_gpio.o
 .debug_aranges
                0x000001b8       0x88 ./system/src/stm32f4-hal/stm32f4xx_hal_rcc.o
 .debug_aranges
                0x00000240      0x148 ./system/src/stm32f4-hal/stm32f4xx_hal_uart.o
 .debug_aranges
                0x00000388       0x28 ./system/src/newlib/_exit.o
 .debug_aranges
                0x000003b0       0x20 ./system/src/newlib/_sbrk.o
 .debug_aranges
                0x000003d0       0x40 ./system/src/newlib/_startup.o
 .debug_aranges
                0x00000410       0x30 ./system/src/newlib/_syscalls.o
 .debug_aranges
                0x00000440       0x28 ./system/src/newlib/assert.o
 .debug_aranges
                0x00000468       0x38 ./system/src/diag/Trace.o
 .debug_aranges
                0x000004a0       0x30 ./system/src/diag/trace_impl.o
 .debug_aranges
                0x000004d0       0x28 ./system/src/cortexm/_initialize_hardware.o
 .debug_aranges
                0x000004f8       0x68 ./system/src/cortexm/exception_handlers.o
 .debug_aranges
                0x00000560       0x28 ./system/src/cmsis/system_stm32f4xx.o
 .debug_aranges
                0x00000588       0x20 ./system/src/cmsis/vectors_stm32f4xx.o
 .debug_aranges
                0x000005a8       0x38 ./src/_initialize_hardware.o
 .debug_aranges
                0x000005e0       0x20 ./src/main.o

.debug_pubnames
 *(.debug_pubnames)

.debug_info     0x00000000     0x6d3f
 *(.debug_info .gnu.linkonce.wi.*)
 .debug_info    0x00000000      0x8c9 ./system/src/stm32f4-hal/stm32f4xx_hal.o
 .debug_info    0x000008c9      0xd96 ./system/src/stm32f4-hal/stm32f4xx_hal_cortex.o
 .debug_info    0x0000165f      0x830 ./system/src/stm32f4-hal/stm32f4xx_hal_gpio.o
 .debug_info    0x00001e8f     0x126c ./system/src/stm32f4-hal/stm32f4xx_hal_rcc.o
 .debug_info    0x000030fb     0x139b ./system/src/stm32f4-hal/stm32f4xx_hal_uart.o
 .debug_info    0x00004496       0xef ./system/src/newlib/_exit.o
 .debug_info    0x00004585      0x11f ./system/src/newlib/_sbrk.o
 .debug_info    0x000046a4      0x4ef ./system/src/newlib/_startup.o
 .debug_info    0x00004b93      0x1b4 ./system/src/newlib/_syscalls.o
 .debug_info    0x00004d47      0x1a3 ./system/src/newlib/assert.o
 .debug_info    0x00004eea      0x2e7 ./system/src/diag/Trace.o
 .debug_info    0x000051d1      0x347 ./system/src/diag/trace_impl.o
 .debug_info    0x00005518       0xe7 ./system/src/cortexm/_initialize_hardware.o
 .debug_info    0x000055ff       0xed ./system/src/cortexm/exception_handlers.o
 .debug_info    0x000056ec      0x4ca ./system/src/cmsis/system_stm32f4xx.o
 .debug_info    0x00005bb6       0x92 ./system/src/cmsis/vectors_stm32f4xx.o
 .debug_info    0x00005c48      0xae6 ./src/_initialize_hardware.o
 .debug_info    0x0000672e      0x611 ./src/main.o

.debug_abbrev   0x00000000     0x1941
 *(.debug_abbrev)
 .debug_abbrev  0x00000000      0x1d1 ./system/src/stm32f4-hal/stm32f4xx_hal.o
 .debug_abbrev  0x000001d1      0x2ff ./system/src/stm32f4-hal/stm32f4xx_hal_cortex.o
 .debug_abbrev  0x000004d0      0x1f9 ./system/src/stm32f4-hal/stm32f4xx_hal_gpio.o
 .debug_abbrev  0x000006c9      0x2b4 ./system/src/stm32f4-hal/stm32f4xx_hal_rcc.o
 .debug_abbrev  0x0000097d      0x225 ./system/src/stm32f4-hal/stm32f4xx_hal_uart.o
 .debug_abbrev  0x00000ba2       0x8e ./system/src/newlib/_exit.o
 .debug_abbrev  0x00000c30       0xb9 ./system/src/newlib/_sbrk.o
 .debug_abbrev  0x00000ce9      0x1d4 ./system/src/newlib/_startup.o
 .debug_abbrev  0x00000ebd       0xe5 ./system/src/newlib/_syscalls.o
 .debug_abbrev  0x00000fa2       0xab ./system/src/newlib/assert.o
 .debug_abbrev  0x0000104d      0x156 ./system/src/diag/Trace.o
 .debug_abbrev  0x000011a3      0x1d9 ./system/src/diag/trace_impl.o
 .debug_abbrev  0x0000137c       0x88 ./system/src/cortexm/_initialize_hardware.o
 .debug_abbrev  0x00001404       0x68 ./system/src/cortexm/exception_handlers.o
 .debug_abbrev  0x0000146c      0x104 ./system/src/cmsis/system_stm32f4xx.o
 .debug_abbrev  0x00001570       0x92 ./system/src/cmsis/vectors_stm32f4xx.o
 .debug_abbrev  0x00001602      0x1c0 ./src/_initialize_hardware.o
 .debug_abbrev  0x000017c2      0x17f ./src/main.o

.debug_line     0x00000000     0x73ef
 *(.debug_line)
 .debug_line    0x00000000      0x873 ./system/src/stm32f4-hal/stm32f4xx_hal.o
 .debug_line    0x00000873      0x88d ./system/src/stm32f4-hal/stm32f4xx_hal_cortex.o
 .debug_line    0x00001100      0x985 ./system/src/stm32f4-hal/stm32f4xx_hal_gpio.o
 .debug_line    0x00001a85      0xbdc ./system/src/stm32f4-hal/stm32f4xx_hal_rcc.o
 .debug_line    0x00002661      0xef7 ./system/src/stm32f4-hal/stm32f4xx_hal_uart.o
 .debug_line    0x00003558      0x33c ./system/src/newlib/_exit.o
 .debug_line    0x00003894      0x2ee ./system/src/newlib/_sbrk.o
 .debug_line    0x00003b82      0x3b6 ./system/src/newlib/_startup.o
 .debug_line    0x00003f38      0x409 ./system/src/newlib/_syscalls.o
 .debug_line    0x00004341      0x377 ./system/src/newlib/assert.o
 .debug_line    0x000046b8      0x3a8 ./system/src/diag/Trace.o
 .debug_line    0x00004a60      0x9af ./system/src/diag/trace_impl.o
 .debug_line    0x0000540f      0x707 ./system/src/cortexm/_initialize_hardware.o
 .debug_line    0x00005b16       0x9f ./system/src/cortexm/exception_handlers.o
 .debug_line    0x00005bb5      0x708 ./system/src/cmsis/system_stm32f4xx.o
 .debug_line    0x000062bd       0x89 ./system/src/cmsis/vectors_stm32f4xx.o
 .debug_line    0x00006346      0x737 ./src/_initialize_hardware.o
 .debug_line    0x00006a7d      0x972 ./src/main.o

.debug_frame    0x00000000      0xf98
 *(.debug_frame)
 .debug_frame   0x00000000      0x1a8 ./system/src/stm32f4-hal/stm32f4xx_hal.o
 .debug_frame   0x000001a8      0x134 ./system/src/stm32f4-hal/stm32f4xx_hal_cortex.o
 .debug_frame   0x000002dc       0xf0 ./system/src/stm32f4-hal/stm32f4xx_hal_gpio.o
 .debug_frame   0x000003cc      0x150 ./system/src/stm32f4-hal/stm32f4xx_hal_rcc.o
 .debug_frame   0x0000051c      0x36c ./system/src/stm32f4-hal/stm32f4xx_hal_uart.o
 .debug_frame   0x00000888       0x38 ./system/src/newlib/_exit.o
 .debug_frame   0x000008c0       0x28 ./system/src/newlib/_sbrk.o
 .debug_frame   0x000008e8       0x7c ./system/src/newlib/_startup.o
 .debug_frame   0x00000964       0x50 ./system/src/newlib/_syscalls.o
 .debug_frame   0x000009b4       0x40 ./system/src/newlib/assert.o
 .debug_frame   0x000009f4       0x94 ./system/src/diag/Trace.o
 .debug_frame   0x00000a88       0x5c ./system/src/diag/trace_impl.o
 .debug_frame   0x00000ae4       0x40 ./system/src/cortexm/_initialize_hardware.o
 .debug_frame   0x00000b24       0xb8 ./system/src/cortexm/exception_handlers.o
 .debug_frame   0x00000bdc       0x30 ./system/src/cmsis/system_stm32f4xx.o
 .debug_frame   0x00000c0c       0x20 ./system/src/cmsis/vectors_stm32f4xx.o
 .debug_frame   0x00000c2c       0x80 ./src/_initialize_hardware.o
 .debug_frame   0x00000cac       0x28 ./src/main.o
 .debug_frame   0x00000cd4       0x20 c:/program files (x86)/gnu tools arm embedded/5.4 2016q3/bin/../lib/gcc/arm-none-eabi/5.4.1/../../../../arm-none-eabi/lib/armv7e-m\libg_nano.a(lib_a-errno.o)
 .debug_frame   0x00000cf4       0x48 c:/program files (x86)/gnu tools arm embedded/5.4 2016q3/bin/../lib/gcc/arm-none-eabi/5.4.1/../../../../arm-none-eabi/lib/armv7e-m\libg_nano.a(lib_a-vsnprintf.o)
 .debug_frame   0x00000d3c       0x90 c:/program files (x86)/gnu tools arm embedded/5.4 2016q3/bin/../lib/gcc/arm-none-eabi/5.4.1/../../../../arm-none-eabi/lib/armv7e-m\libg_nano.a(lib_a-nano-svfprintf.o)
 .debug_frame   0x00000dcc       0x60 c:/program files (x86)/gnu tools arm embedded/5.4 2016q3/bin/../lib/gcc/arm-none-eabi/5.4.1/../../../../arm-none-eabi/lib/armv7e-m\libg_nano.a(lib_a-nano-vfprintf_i.o)
 .debug_frame   0x00000e2c       0x28 c:/program files (x86)/gnu tools arm embedded/5.4 2016q3/bin/../lib/gcc/arm-none-eabi/5.4.1/../../../../arm-none-eabi/lib/armv7e-m\libg_nano.a(lib_a-memcpy-stub.o)
 .debug_frame   0x00000e54       0x28 c:/program files (x86)/gnu tools arm embedded/5.4 2016q3/bin/../lib/gcc/arm-none-eabi/5.4.1/../../../../arm-none-eabi/lib/armv7e-m\libg_nano.a(lib_a-memmove.o)
 .debug_frame   0x00000e7c       0x38 c:/program files (x86)/gnu tools arm embedded/5.4 2016q3/bin/../lib/gcc/arm-none-eabi/5.4.1/../../../../arm-none-eabi/lib/armv7e-m\libg_nano.a(lib_a-nano-freer.o)
 .debug_frame   0x00000eb4       0x2c c:/program files (x86)/gnu tools arm embedded/5.4 2016q3/bin/../lib/gcc/arm-none-eabi/5.4.1/../../../../arm-none-eabi/lib/armv7e-m\libg_nano.a(lib_a-nano-mallocr.o)
 .debug_frame   0x00000ee0       0x3c c:/program files (x86)/gnu tools arm embedded/5.4 2016q3/bin/../lib/gcc/arm-none-eabi/5.4.1/../../../../arm-none-eabi/lib/armv7e-m\libg_nano.a(lib_a-nano-reallocr.o)
 .debug_frame   0x00000f1c       0x2c c:/program files (x86)/gnu tools arm embedded/5.4 2016q3/bin/../lib/gcc/arm-none-eabi/5.4.1/../../../../arm-none-eabi/lib/armv7e-m\libg_nano.a(lib_a-sbrkr.o)
 .debug_frame   0x00000f48       0x30 c:/program files (x86)/gnu tools arm embedded/5.4 2016q3/bin/../lib/gcc/arm-none-eabi/5.4.1/../../../../arm-none-eabi/lib/armv7e-m\libg_nano.a(lib_a-mlock.o)
 .debug_frame   0x00000f78       0x20 c:/program files (x86)/gnu tools arm embedded/5.4 2016q3/bin/../lib/gcc/arm-none-eabi/5.4.1/../../../../arm-none-eabi/lib/armv7e-m\libg_nano.a(lib_a-nano-msizer.o)

.debug_str      0x00000000    0x929f2
 *(.debug_str)
 .debug_str     0x00000000    0x8a7e7 ./system/src/stm32f4-hal/stm32f4xx_hal.o
                              0x8a9f8 (size before relaxing)
 .debug_str     0x0008a7e7      0x2ad ./system/src/stm32f4-hal/stm32f4xx_hal_cortex.o
                              0x8a780 (size before relaxing)
 .debug_str     0x0008aa94      0x5f5 ./system/src/stm32f4-hal/stm32f4xx_hal_gpio.o
                              0x8a565 (size before relaxing)
 .debug_str     0x0008b089      0x437 ./system/src/stm32f4-hal/stm32f4xx_hal_rcc.o
                              0x8a475 (size before relaxing)
 .debug_str     0x0008b4c0      0x830 ./system/src/stm32f4-hal/stm32f4xx_hal_uart.o
                              0x8a710 (size before relaxing)
 .debug_str     0x0008bcf0     0x480a ./system/src/newlib/_exit.o
                               0x6ef0 (size before relaxing)
 .debug_str     0x000904fa      0x4de ./system/src/newlib/_sbrk.o
                               0x62db (size before relaxing)
 .debug_str     0x000909d8      0x2da ./system/src/newlib/_startup.o
                               0x5ecc (size before relaxing)
 .debug_str     0x00090cb2      0xe0b ./system/src/newlib/_syscalls.o
                               0x712e (size before relaxing)
 .debug_str     0x00091abd       0xd5 ./system/src/newlib/assert.o
                               0x79f5 (size before relaxing)
 .debug_str     0x00091b92      0x883 ./system/src/diag/Trace.o
                               0x76e0 (size before relaxing)
 .debug_str     0x00092415      0x386 ./system/src/diag/trace_impl.o
                              0x8dd27 (size before relaxing)
 .debug_str     0x0009279b       0x4e ./system/src/cortexm/_initialize_hardware.o
                              0x89e73 (size before relaxing)
 .debug_str     0x000927e9       0xe8 ./system/src/cortexm/exception_handlers.o
                               0x263d (size before relaxing)
 .debug_str     0x000928d1       0x46 ./system/src/cmsis/system_stm32f4xx.o
                              0x89fe4 (size before relaxing)
 .debug_str     0x00092917       0x57 ./system/src/cmsis/vectors_stm32f4xx.o
                               0x25da (size before relaxing)
 .debug_str     0x0009296e       0x4c ./src/_initialize_hardware.o
                              0x8a655 (size before relaxing)
 .debug_str     0x000929ba       0x38 ./src/main.o
                              0x8f202 (size before relaxing)

.debug_loc      0x00000000     0x2a03
 *(.debug_loc)
 .debug_loc     0x00000000       0x6a ./system/src/stm32f4-hal/stm32f4xx_hal.o
 .debug_loc     0x0000006a      0x5b6 ./system/src/stm32f4-hal/stm32f4xx_hal_cortex.o
 .debug_loc     0x00000620      0x43a ./system/src/stm32f4-hal/stm32f4xx_hal_gpio.o
 .debug_loc     0x00000a5a      0x634 ./system/src/stm32f4-hal/stm32f4xx_hal_rcc.o
 .debug_loc     0x0000108e     0x1032 ./system/src/stm32f4-hal/stm32f4xx_hal_uart.o
 .debug_loc     0x000020c0       0x82 ./system/src/newlib/_sbrk.o
 .debug_loc     0x00002142      0x36e ./system/src/newlib/_startup.o
 .debug_loc     0x000024b0       0x63 ./system/src/newlib/_syscalls.o
 .debug_loc     0x00002513      0x110 ./system/src/newlib/assert.o
 .debug_loc     0x00002623      0x102 ./system/src/diag/Trace.o
 .debug_loc     0x00002725      0x13e ./system/src/diag/trace_impl.o
 .debug_loc     0x00002863      0x132 ./system/src/cmsis/system_stm32f4xx.o
 .debug_loc     0x00002995       0x2c ./src/_initialize_hardware.o
 .debug_loc     0x000029c1       0x42 ./src/main.o

.debug_macinfo
 *(.debug_macinfo)

.debug_weaknames
 *(.debug_weaknames)

.debug_funcnames
 *(.debug_funcnames)

.debug_typenames
 *(.debug_typenames)

.debug_varnames
 *(.debug_varnames)
OUTPUT(STM32_UART_TEST.elf elf32-littlearm)

.debug_ranges   0x00000000      0x4e0
 .debug_ranges  0x00000000       0xc0 ./system/src/stm32f4-hal/stm32f4xx_hal.o
 .debug_ranges  0x000000c0       0x80 ./system/src/stm32f4-hal/stm32f4xx_hal_cortex.o
 .debug_ranges  0x00000140       0x48 ./system/src/stm32f4-hal/stm32f4xx_hal_gpio.o
 .debug_ranges  0x00000188       0x78 ./system/src/stm32f4-hal/stm32f4xx_hal_rcc.o
 .debug_ranges  0x00000200      0x138 ./system/src/stm32f4-hal/stm32f4xx_hal_uart.o
 .debug_ranges  0x00000338       0x18 ./system/src/newlib/_exit.o
 .debug_ranges  0x00000350       0x10 ./system/src/newlib/_sbrk.o
 .debug_ranges  0x00000360       0x30 ./system/src/newlib/_startup.o
 .debug_ranges  0x00000390       0x20 ./system/src/newlib/_syscalls.o
 .debug_ranges  0x000003b0       0x18 ./system/src/newlib/assert.o
 .debug_ranges  0x000003c8       0x28 ./system/src/diag/Trace.o
 .debug_ranges  0x000003f0       0x20 ./system/src/diag/trace_impl.o
 .debug_ranges  0x00000410       0x18 ./system/src/cortexm/_initialize_hardware.o
 .debug_ranges  0x00000428       0x58 ./system/src/cortexm/exception_handlers.o
 .debug_ranges  0x00000480       0x18 ./system/src/cmsis/system_stm32f4xx.o
 .debug_ranges  0x00000498       0x10 ./system/src/cmsis/vectors_stm32f4xx.o
 .debug_ranges  0x000004a8       0x28 ./src/_initialize_hardware.o
 .debug_ranges  0x000004d0       0x10 ./src/main.o

.debug_macro    0x00000000    0x176a4
 .debug_macro   0x00000000      0x32f ./system/src/stm32f4-hal/stm32f4xx_hal.o
 .debug_macro   0x0000032f      0x898 ./system/src/stm32f4-hal/stm32f4xx_hal.o
 .debug_macro   0x00000bc7      0x250 ./system/src/stm32f4-hal/stm32f4xx_hal.o
 .debug_macro   0x00000e17       0x28 ./system/src/stm32f4-hal/stm32f4xx_hal.o
 .debug_macro   0x00000e3f       0x28 ./system/src/stm32f4-hal/stm32f4xx_hal.o
 .debug_macro   0x00000e67       0x3b ./system/src/stm32f4-hal/stm32f4xx_hal.o
 .debug_macro   0x00000ea2      0x34e ./system/src/stm32f4-hal/stm32f4xx_hal.o
 .debug_macro   0x000011f0       0x2d ./system/src/stm32f4-hal/stm32f4xx_hal.o
 .debug_macro   0x0000121d       0x26 ./system/src/stm32f4-hal/stm32f4xx_hal.o
 .debug_macro   0x00001243      0xd39 ./system/src/stm32f4-hal/stm32f4xx_hal.o
 .debug_macro   0x00001f7c     0x9f0c ./system/src/stm32f4-hal/stm32f4xx_hal.o
 .debug_macro   0x0000be88       0x43 ./system/src/stm32f4-hal/stm32f4xx_hal.o
 .debug_macro   0x0000becb       0x57 ./system/src/stm32f4-hal/stm32f4xx_hal.o
 .debug_macro   0x0000bf22      0xb9c ./system/src/stm32f4-hal/stm32f4xx_hal.o
 .debug_macro   0x0000cabe      0x6bd ./system/src/stm32f4-hal/stm32f4xx_hal.o
 .debug_macro   0x0000d17b      0x13f ./system/src/stm32f4-hal/stm32f4xx_hal.o
 .debug_macro   0x0000d2ba      0x155 ./system/src/stm32f4-hal/stm32f4xx_hal.o
 .debug_macro   0x0000d40f      0x2cd ./system/src/stm32f4-hal/stm32f4xx_hal.o
 .debug_macro   0x0000d6dc       0x52 ./system/src/stm32f4-hal/stm32f4xx_hal.o
 .debug_macro   0x0000d72e      0x3ec ./system/src/stm32f4-hal/stm32f4xx_hal.o
 .debug_macro   0x0000db1a      0x14c ./system/src/stm32f4-hal/stm32f4xx_hal.o
 .debug_macro   0x0000dc66      0x3c2 ./system/src/stm32f4-hal/stm32f4xx_hal.o
 .debug_macro   0x0000e028       0x22 ./system/src/stm32f4-hal/stm32f4xx_hal.o
 .debug_macro   0x0000e04a      0x1f3 ./system/src/stm32f4-hal/stm32f4xx_hal.o
 .debug_macro   0x0000e23d      0x11f ./system/src/stm32f4-hal/stm32f4xx_hal.o
 .debug_macro   0x0000e35c       0xcd ./system/src/stm32f4-hal/stm32f4xx_hal.o
 .debug_macro   0x0000e429      0x1d1 ./system/src/stm32f4-hal/stm32f4xx_hal.o
 .debug_macro   0x0000e5fa      0xde0 ./system/src/stm32f4-hal/stm32f4xx_hal.o
 .debug_macro   0x0000f3da      0x132 ./system/src/stm32f4-hal/stm32f4xx_hal.o
 .debug_macro   0x0000f50c      0x416 ./system/src/stm32f4-hal/stm32f4xx_hal.o
 .debug_macro   0x0000f922      0x55c ./system/src/stm32f4-hal/stm32f4xx_hal.o
 .debug_macro   0x0000fe7e       0x88 ./system/src/stm32f4-hal/stm32f4xx_hal.o
 .debug_macro   0x0000ff06       0xd5 ./system/src/stm32f4-hal/stm32f4xx_hal.o
 .debug_macro   0x0000ffdb       0xa1 ./system/src/stm32f4-hal/stm32f4xx_hal.o
 .debug_macro   0x0001007c       0x10 ./system/src/stm32f4-hal/stm32f4xx_hal.o
 .debug_macro   0x0001008c      0x1e6 ./system/src/stm32f4-hal/stm32f4xx_hal.o
 .debug_macro   0x00010272       0x22 ./system/src/stm32f4-hal/stm32f4xx_hal.o
 .debug_macro   0x00010294      0x1ae ./system/src/stm32f4-hal/stm32f4xx_hal.o
 .debug_macro   0x00010442       0xa4 ./system/src/stm32f4-hal/stm32f4xx_hal.o
 .debug_macro   0x000104e6      0x24e ./system/src/stm32f4-hal/stm32f4xx_hal.o
 .debug_macro   0x00010734      0x16e ./system/src/stm32f4-hal/stm32f4xx_hal.o
 .debug_macro   0x000108a2       0xaa ./system/src/stm32f4-hal/stm32f4xx_hal.o
 .debug_macro   0x0001094c       0x6c ./system/src/stm32f4-hal/stm32f4xx_hal.o
 .debug_macro   0x000109b8      0x3d7 ./system/src/stm32f4-hal/stm32f4xx_hal.o
 .debug_macro   0x00010d8f      0x313 ./system/src/stm32f4-hal/stm32f4xx_hal.o
 .debug_macro   0x000110a2      0x3d7 ./system/src/stm32f4-hal/stm32f4xx_hal.o
 .debug_macro   0x00011479      0x4b7 ./system/src/stm32f4-hal/stm32f4xx_hal.o
 .debug_macro   0x00011930      0x22b ./system/src/stm32f4-hal/stm32f4xx_hal.o
 .debug_macro   0x00011b5b      0x1d1 ./system/src/stm32f4-hal/stm32f4xx_hal.o
 .debug_macro   0x00011d2c      0x84c ./system/src/stm32f4-hal/stm32f4xx_hal.o
 .debug_macro   0x00012578       0x4d ./system/src/stm32f4-hal/stm32f4xx_hal.o
 .debug_macro   0x000125c5      0x23a ./system/src/stm32f4-hal/stm32f4xx_hal.o
 .debug_macro   0x000127ff      0x1d8 ./system/src/stm32f4-hal/stm32f4xx_hal.o
 .debug_macro   0x000129d7      0x168 ./system/src/stm32f4-hal/stm32f4xx_hal.o
 .debug_macro   0x00012b3f      0x1d8 ./system/src/stm32f4-hal/stm32f4xx_hal.o
 .debug_macro   0x00012d17       0x85 ./system/src/stm32f4-hal/stm32f4xx_hal.o
 .debug_macro   0x00012d9c      0x1df ./system/src/stm32f4-hal/stm32f4xx_hal.o
 .debug_macro   0x00012f7b      0x108 ./system/src/stm32f4-hal/stm32f4xx_hal.o
 .debug_macro   0x00013083       0x12 ./system/src/stm32f4-hal/stm32f4xx_hal.o
 .debug_macro   0x00013095       0x74 ./system/src/stm32f4-hal/stm32f4xx_hal.o
 .debug_macro   0x00013109      0x12d ./system/src/stm32f4-hal/stm32f4xx_hal.o
 .debug_macro   0x00013236      0x2e1 ./system/src/stm32f4-hal/stm32f4xx_hal_cortex.o
 .debug_macro   0x00013517      0x320 ./system/src/stm32f4-hal/stm32f4xx_hal_gpio.o
 .debug_macro   0x00013837      0x323 ./system/src/stm32f4-hal/stm32f4xx_hal_rcc.o
 .debug_macro   0x00013b5a      0x2e9 ./system/src/stm32f4-hal/stm32f4xx_hal_uart.o
 .debug_macro   0x00013e43      0x19c ./system/src/newlib/_exit.o
 .debug_macro   0x00013fdf       0x9c ./system/src/newlib/_exit.o
 .debug_macro   0x0001407b      0x10e ./system/src/newlib/_exit.o
 .debug_macro   0x00014189       0x8d ./system/src/newlib/_exit.o
 .debug_macro   0x00014216       0x43 ./system/src/newlib/_exit.o
 .debug_macro   0x00014259      0x30d ./system/src/newlib/_exit.o
 .debug_macro   0x00014566       0x35 ./system/src/newlib/_exit.o
 .debug_macro   0x0001459b      0x151 ./system/src/newlib/_sbrk.o
 .debug_macro   0x000146ec      0x174 ./system/src/newlib/_sbrk.o
 .debug_macro   0x00014860       0x10 ./system/src/newlib/_sbrk.o
 .debug_macro   0x00014870      0x23b ./system/src/newlib/_sbrk.o
 .debug_macro   0x00014aab      0x15b ./system/src/newlib/_startup.o
 .debug_macro   0x00014c06      0x892 ./system/src/newlib/_startup.o
 .debug_macro   0x00015498      0x1ff ./system/src/newlib/_syscalls.o
 .debug_macro   0x00015697       0x1c ./system/src/newlib/_syscalls.o
 .debug_macro   0x000156b3       0x10 ./system/src/newlib/_syscalls.o
 .debug_macro   0x000156c3       0x10 ./system/src/newlib/_syscalls.o
 .debug_macro   0x000156d3       0x10 ./system/src/newlib/_syscalls.o
 .debug_macro   0x000156e3       0x35 ./system/src/newlib/_syscalls.o
 .debug_macro   0x00015718      0x122 ./system/src/newlib/_syscalls.o
 .debug_macro   0x0001583a       0x88 ./system/src/newlib/_syscalls.o
 .debug_macro   0x000158c2       0x2b ./system/src/newlib/_syscalls.o
 .debug_macro   0x000158ed      0x118 ./system/src/newlib/_syscalls.o
 .debug_macro   0x00015a05      0x159 ./system/src/newlib/_syscalls.o
 .debug_macro   0x00015b5e       0x16 ./system/src/newlib/_syscalls.o
 .debug_macro   0x00015b74      0x1b8 ./system/src/newlib/assert.o
 .debug_macro   0x00015d2c       0x1c ./system/src/newlib/assert.o
 .debug_macro   0x00015d48      0x1d9 ./system/src/diag/Trace.o
 .debug_macro   0x00015f21       0x16 ./system/src/diag/Trace.o
 .debug_macro   0x00015f37       0x97 ./system/src/diag/Trace.o
 .debug_macro   0x00015fce       0xfd ./system/src/diag/Trace.o
 .debug_macro   0x000160cb       0x10 ./system/src/diag/Trace.o
 .debug_macro   0x000160db       0x16 ./system/src/diag/Trace.o
 .debug_macro   0x000160f1      0x18b ./system/src/diag/Trace.o
 .debug_macro   0x0001627c       0x4c ./system/src/diag/Trace.o
 .debug_macro   0x000162c8       0x16 ./system/src/diag/Trace.o
 .debug_macro   0x000162de      0x43a ./system/src/diag/trace_impl.o
 .debug_macro   0x00016718       0x10 ./system/src/diag/trace_impl.o
 .debug_macro   0x00016728       0xcf ./system/src/diag/trace_impl.o
 .debug_macro   0x000167f7       0xbe ./system/src/diag/trace_impl.o
 .debug_macro   0x000168b5       0x22 ./system/src/diag/trace_impl.o
 .debug_macro   0x000168d7      0x2eb ./system/src/cortexm/_initialize_hardware.o
 .debug_macro   0x00016bc2       0x1b ./system/src/cortexm/exception_handlers.o
 .debug_macro   0x00016bdd      0x2e7 ./system/src/cmsis/system_stm32f4xx.o
 .debug_macro   0x00016ec4       0x1b ./system/src/cmsis/vectors_stm32f4xx.o
 .debug_macro   0x00016edf      0x2e1 ./src/_initialize_hardware.o
 .debug_macro   0x000171c0      0x49a ./src/main.o
 .debug_macro   0x0001765a       0x4a ./src/main.o
