Archive member included to satisfy reference by file (symbol)

c:/program files (x86)/gnu tools arm embedded/5.3 2016q1/bin/../lib/gcc/arm-none-eabi/5.3.1/../../../../arm-none-eabi/lib/armv7e-m\libg_nano.a(lib_a-errno.o)
                              ./system/src/newlib/_sbrk.o (__errno)
c:/program files (x86)/gnu tools arm embedded/5.3 2016q1/bin/../lib/gcc/arm-none-eabi/5.3.1/../../../../arm-none-eabi/lib/armv7e-m\libg_nano.a(lib_a-impure.o)
                              c:/program files (x86)/gnu tools arm embedded/5.3 2016q1/bin/../lib/gcc/arm-none-eabi/5.3.1/../../../../arm-none-eabi/lib/armv7e-m\libg_nano.a(lib_a-errno.o) (_impure_ptr)
c:/program files (x86)/gnu tools arm embedded/5.3 2016q1/bin/../lib/gcc/arm-none-eabi/5.3.1/../../../../arm-none-eabi/lib/armv7e-m\libg_nano.a(lib_a-strlen.o)
                              ./src/main.o (strlen)

Allocating common symbols
Common symbol       size              file

errno               0x4               ./system/src/newlib/_syscalls.o
pFlash              0x1c              ./system/src/stm32f4-hal/stm32f4xx_hal_flash.o
huart2              0x3c              ./src/_initialize_hardware.o

Discarded input sections

 .group         0x00000000        0x8 ./system/src/stm32f4-hal/stm32f4xx_hal.o
 .group         0x00000000        0x8 ./system/src/stm32f4-hal/stm32f4xx_hal.o
 .group         0x00000000        0x8 ./system/src/stm32f4-hal/stm32f4xx_hal.o
 .group         0x00000000        0x8 ./system/src/stm32f4-hal/stm32f4xx_hal.o
 .group         0x00000000        0x8 ./system/src/stm32f4-hal/stm32f4xx_hal.o
 .group         0x00000000        0x8 ./system/src/stm32f4-hal/stm32f4xx_hal.o
 .group         0x00000000        0x8 ./system/src/stm32f4-hal/stm32f4xx_hal.o
 .group         0x00000000        0x8 ./system/src/stm32f4-hal/stm32f4xx_hal.o
 .group         0x00000000        0x8 ./system/src/stm32f4-hal/stm32f4xx_hal.o
 .group         0x00000000        0x8 ./system/src/stm32f4-hal/stm32f4xx_hal.o
 .group         0x00000000        0x8 ./system/src/stm32f4-hal/stm32f4xx_hal.o
 .group         0x00000000        0x8 ./system/src/stm32f4-hal/stm32f4xx_hal.o
 .group         0x00000000        0x8 ./system/src/stm32f4-hal/stm32f4xx_hal.o
 .group         0x00000000        0x8 ./system/src/stm32f4-hal/stm32f4xx_hal.o
 .group         0x00000000        0x8 ./system/src/stm32f4-hal/stm32f4xx_hal.o
 .group         0x00000000        0x8 ./system/src/stm32f4-hal/stm32f4xx_hal.o
 .group         0x00000000        0x8 ./system/src/stm32f4-hal/stm32f4xx_hal.o
 .group         0x00000000        0x8 ./system/src/stm32f4-hal/stm32f4xx_hal.o
 .group         0x00000000        0x8 ./system/src/stm32f4-hal/stm32f4xx_hal.o
 .group         0x00000000        0x8 ./system/src/stm32f4-hal/stm32f4xx_hal.o
 .group         0x00000000        0x8 ./system/src/stm32f4-hal/stm32f4xx_hal.o
 .group         0x00000000        0x8 ./system/src/stm32f4-hal/stm32f4xx_hal.o
 .group         0x00000000        0x8 ./system/src/stm32f4-hal/stm32f4xx_hal.o
 .group         0x00000000        0x8 ./system/src/stm32f4-hal/stm32f4xx_hal.o
 .group         0x00000000        0x8 ./system/src/stm32f4-hal/stm32f4xx_hal.o
 .group         0x00000000        0x8 ./system/src/stm32f4-hal/stm32f4xx_hal.o
 .group         0x00000000        0x8 ./system/src/stm32f4-hal/stm32f4xx_hal.o
 .group         0x00000000        0x8 ./system/src/stm32f4-hal/stm32f4xx_hal.o
 .group         0x00000000        0x8 ./system/src/stm32f4-hal/stm32f4xx_hal.o
 .group         0x00000000        0x8 ./system/src/stm32f4-hal/stm32f4xx_hal.o
 .group         0x00000000        0x8 ./system/src/stm32f4-hal/stm32f4xx_hal.o
 .group         0x00000000        0x8 ./system/src/stm32f4-hal/stm32f4xx_hal.o
 .group         0x00000000        0x8 ./system/src/stm32f4-hal/stm32f4xx_hal.o
 .group         0x00000000        0x8 ./system/src/stm32f4-hal/stm32f4xx_hal.o
 .group         0x00000000        0x8 ./system/src/stm32f4-hal/stm32f4xx_hal.o
 .group         0x00000000        0x8 ./system/src/stm32f4-hal/stm32f4xx_hal.o
 .group         0x00000000        0x8 ./system/src/stm32f4-hal/stm32f4xx_hal.o
 .group         0x00000000        0x8 ./system/src/stm32f4-hal/stm32f4xx_hal.o
 .group         0x00000000        0x8 ./system/src/stm32f4-hal/stm32f4xx_hal.o
 .group         0x00000000        0x8 ./system/src/stm32f4-hal/stm32f4xx_hal.o
 .group         0x00000000        0x8 ./system/src/stm32f4-hal/stm32f4xx_hal.o
 .group         0x00000000        0x8 ./system/src/stm32f4-hal/stm32f4xx_hal.o
 .group         0x00000000        0x8 ./system/src/stm32f4-hal/stm32f4xx_hal.o
 .group         0x00000000        0x8 ./system/src/stm32f4-hal/stm32f4xx_hal.o
 .group         0x00000000        0x8 ./system/src/stm32f4-hal/stm32f4xx_hal.o
 .group         0x00000000        0x8 ./system/src/stm32f4-hal/stm32f4xx_hal.o
 .text          0x00000000        0x0 ./system/src/stm32f4-hal/stm32f4xx_hal.o
 .data          0x00000000        0x0 ./system/src/stm32f4-hal/stm32f4xx_hal.o
[...]
Memory Configuration

Name             Origin             Length             Attributes
RAM              0x20000000         0x00010000         xrw
CCMRAM           0x10000000         0x00000000         xrw
FLASH            0x08000000         0x00100000         xr
FLASHB1          0x00000000         0x00000000         xr
EXTMEMB0         0x00000000         0x00000000         xr
EXTMEMB1         0x00000000         0x00000000         xr
EXTMEMB2         0x00000000         0x00000000         xr
EXTMEMB3         0x00000000         0x00000000         xr
*default*        0x00000000         0xffffffff

Linker script and memory map

LOAD ./system/src/stm32f4-hal/stm32f4xx_hal.o
LOAD ./system/src/stm32f4-hal/stm32f4xx_hal_cortex.o
LOAD ./system/src/stm32f4-hal/stm32f4xx_hal_flash.o
LOAD ./system/src/stm32f4-hal/stm32f4xx_hal_flash_ex.o
LOAD ./system/src/stm32f4-hal/stm32f4xx_hal_flash_ramfunc.o
LOAD ./system/src/stm32f4-hal/stm32f4xx_hal_gpio.o
LOAD ./system/src/stm32f4-hal/stm32f4xx_hal_iwdg.o
LOAD ./system/src/stm32f4-hal/stm32f4xx_hal_pcd_ex.o
LOAD ./system/src/stm32f4-hal/stm32f4xx_hal_pwr.o
LOAD ./system/src/stm32f4-hal/stm32f4xx_hal_pwr_ex.o
LOAD ./system/src/stm32f4-hal/stm32f4xx_hal_rcc.o
LOAD ./system/src/stm32f4-hal/stm32f4xx_hal_rcc_ex.o
LOAD ./system/src/stm32f4-hal/stm32f4xx_hal_uart.o
LOAD ./system/src/stm32f4-hal/stm32f4xx_hal_usart.o
LOAD ./system/src/newlib/_cxx.o
LOAD ./system/src/newlib/_exit.o
LOAD ./system/src/newlib/_sbrk.o
LOAD ./system/src/newlib/_startup.o
LOAD ./system/src/newlib/_syscalls.o
LOAD ./system/src/newlib/assert.o
LOAD ./system/src/diag/Trace.o
LOAD ./system/src/diag/trace_impl.o
LOAD ./system/src/cortexm/_initialize_hardware.o
LOAD ./system/src/cortexm/_reset_hardware.o
LOAD ./system/src/cortexm/exception_handlers.o
LOAD ./system/src/cmsis/system_stm32f4xx.o
LOAD ./system/src/cmsis/vectors_stm32f4xx.o
LOAD ./src/_initialize_hardware.o
LOAD ./src/_write.o
LOAD ./src/main.o
LOAD c:/program files (x86)/gnu tools arm embedded/5.3 2016q1/bin/../lib/gcc/arm-none-eabi/5.3.1/../../../../arm-none-eabi/lib/armv7e-m\libstdc++_nano.a
LOAD c:/program files (x86)/gnu tools arm embedded/5.3 2016q1/bin/../lib/gcc/arm-none-eabi/5.3.1/../../../../arm-none-eabi/lib/armv7e-m\libm.a
START GROUP
LOAD c:/program files (x86)/gnu tools arm embedded/5.3 2016q1/bin/../lib/gcc/arm-none-eabi/5.3.1/armv7e-m\libgcc.a
LOAD c:/program files (x86)/gnu tools arm embedded/5.3 2016q1/bin/../lib/gcc/arm-none-eabi/5.3.1/../../../../arm-none-eabi/lib/armv7e-m\libg_nano.a
LOAD c:/program files (x86)/gnu tools arm embedded/5.3 2016q1/bin/../lib/gcc/arm-none-eabi/5.3.1/../../../../arm-none-eabi/lib/armv7e-m\libc_nano.a
END GROUP
START GROUP
LOAD c:/program files (x86)/gnu tools arm embedded/5.3 2016q1/bin/../lib/gcc/arm-none-eabi/5.3.1/armv7e-m\libgcc.a
LOAD c:/program files (x86)/gnu tools arm embedded/5.3 2016q1/bin/../lib/gcc/arm-none-eabi/5.3.1/../../../../arm-none-eabi/lib/armv7e-m\libc_nano.a
END GROUP
                0x20010000                __stack = (ORIGIN (RAM) + LENGTH (RAM))
                0x20010000                _estack = __stack
                0x00000400                __Main_Stack_Size = 0x400
                [!provide]                PROVIDE (_Main_Stack_Size, __Main_Stack_Size)
                0x2000fc00                __Main_Stack_Limit = (__stack - __Main_Stack_Size)
                [!provide]                PROVIDE (_Main_Stack_Limit, __Main_Stack_Limit)
                0x00000100                _Minimum_Stack_Size = 0x100
                0x20000060                PROVIDE (_Heap_Begin, _end_noinit)
                0x2000fc00                PROVIDE (_Heap_Limit, (__stack - __Main_Stack_Size))

.isr_vector     0x08000000      0x2f4
 FILL mask 0xff
                0x08000000                __vectors_start__ = ABSOLUTE (.)
 *(.isr_vector)
 .isr_vector    0x08000000      0x194 ./system/src/cmsis/vectors_stm32f4xx.o
                0x08000000                __isr_vectors
 *(.cfmconfig)
 *(.after_vectors .after_vectors.*)
 .after_vectors
                0x08000194      0x130 ./system/src/newlib/_startup.o
                0x08000194                _start
 .after_vectors
                0x080002c4       0x2c ./system/src/cortexm/exception_handlers.o
                0x080002c4                Reset_Handler
                0x080002cc                NMI_Handler
                0x080002d0                HardFault_Handler
                0x080002d4                MemManage_Handler
                0x080002d8                BusFault_Handler
                0x080002dc                UsageFault_Handler
                0x080002e0                SVC_Handler
                0x080002e4                DebugMon_Handler
                0x080002e8                PendSV_Handler
                0x080002ec                SysTick_Handler
 .after_vectors
                0x080002f0        0x4 ./system/src/cmsis/vectors_stm32f4xx.o
                0x080002f0                RTC_Alarm_IRQHandler
                0x080002f0                EXTI2_IRQHandler
                0x080002f0                SPI4_IRQHandler
                0x080002f0                TIM1_CC_IRQHandler
                0x080002f0                DMA2_Stream5_IRQHandler
                0x080002f0                DMA1_Stream5_IRQHandler
                0x080002f0                PVD_IRQHandler
                0x080002f0                SDIO_IRQHandler
                0x080002f0                TAMP_STAMP_IRQHandler
                0x080002f0                EXTI3_IRQHandler
                0x080002f0                TIM1_UP_TIM10_IRQHandler
                0x080002f0                I2C3_ER_IRQHandler
                0x080002f0                EXTI0_IRQHandler
                0x080002f0                I2C2_EV_IRQHandler
                0x080002f0                DMA1_Stream2_IRQHandler
                0x080002f0                FPU_IRQHandler
                0x080002f0                DMA2_Stream2_IRQHandler
                0x080002f0                SPI1_IRQHandler
                0x080002f0                TIM1_BRK_TIM9_IRQHandler
                0x080002f0                DMA2_Stream3_IRQHandler
                0x080002f0                USART6_IRQHandler
                0x080002f0                DMA2_Stream0_IRQHandler
                0x080002f0                TIM4_IRQHandler
                0x080002f0                I2C1_EV_IRQHandler
                0x080002f0                DMA1_Stream6_IRQHandler
                0x080002f0                DMA1_Stream1_IRQHandler
                0x080002f0                TIM3_IRQHandler
                0x080002f0                RCC_IRQHandler
                0x080002f0                Default_Handler
                0x080002f0                EXTI15_10_IRQHandler
                0x080002f0                ADC_IRQHandler
                0x080002f0                DMA1_Stream7_IRQHandler
                0x080002f0                TIM5_IRQHandler
                0x080002f0                DMA2_Stream7_IRQHandler
                0x080002f0                I2C3_EV_IRQHandler
                0x080002f0                EXTI9_5_IRQHandler
                0x080002f0                RTC_WKUP_IRQHandler
                0x080002f0                SPI2_IRQHandler
                0x080002f0                DMA1_Stream0_IRQHandler
                0x080002f0                EXTI4_IRQHandler
                0x080002f0                WWDG_IRQHandler
                0x080002f0                TIM2_IRQHandler
                0x080002f0                OTG_FS_WKUP_IRQHandler
                0x080002f0                TIM1_TRG_COM_TIM11_IRQHandler
                0x080002f0                EXTI1_IRQHandler
                0x080002f0                USART2_IRQHandler
                0x080002f0                I2C2_ER_IRQHandler
                0x080002f0                DMA2_Stream1_IRQHandler
                0x080002f0                FLASH_IRQHandler
                0x080002f0                DMA2_Stream4_IRQHandler
                0x080002f0                USART1_IRQHandler
                0x080002f0                OTG_FS_IRQHandler
                0x080002f0                SPI3_IRQHandler
                0x080002f0                DMA1_Stream4_IRQHandler
                0x080002f0                I2C1_ER_IRQHandler
                0x080002f0                DMA2_Stream6_IRQHandler
                0x080002f0                DMA1_Stream3_IRQHandler

.inits          0x080002f4       0x28
                0x080002f4                __data_regions_array_start = .
                0x080002f4        0x4 LONG 0x8001840 LOADADDR (.data)
                0x080002f8        0x4 LONG 0x20000000 ADDR (.data)
                0x080002fc        0x4 LONG 0x20000014 (ADDR (.data) + SIZEOF (.data))
                0x08000300        0x4 LONG 0x8001840 LOADADDR (.data_CCMRAM)
                0x08000304        0x4 LONG 0x10000000 ADDR (.data_CCMRAM)
                0x08000308        0x4 LONG 0x10000000 (ADDR (.data_CCMRAM) + SIZEOF (.data_CCMRAM))
                0x0800030c                __data_regions_array_end = .
                0x0800030c                __bss_regions_array_start = .
                0x0800030c        0x4 LONG 0x20000014 ADDR (.bss)
                0x08000310        0x4 LONG 0x20000060 (ADDR (.bss) + SIZEOF (.bss))
                0x08000314        0x4 LONG 0x10000000 ADDR (.bss_CCMRAM)
                0x08000318        0x4 LONG 0x10000000 (ADDR (.bss_CCMRAM) + SIZEOF (.bss_CCMRAM))
                0x0800031c                __bss_regions_array_end = .
 *(.init)
 *(.fini)
                0x0800031c                . = ALIGN (0x4)
                0x0800031c                PROVIDE (__preinit_array_start, .)
 *(.preinit_array_sysinit .preinit_array_sysinit.*)
 *(.preinit_array_platform .preinit_array_platform.*)
 *(.preinit_array .preinit_array.*)
                0x0800031c                PROVIDE (__preinit_array_end, .)
                0x0800031c                . = ALIGN (0x4)
                0x0800031c                PROVIDE (__init_array_start, .)
 *(SORT(.init_array.*))
 *(.init_array)
                0x0800031c                PROVIDE (__init_array_end, .)
                0x0800031c                . = ALIGN (0x4)
                0x0800031c                PROVIDE (__fini_array_start, .)
 *(SORT(.fini_array.*))
 *(.fini_array)
                0x0800031c                PROVIDE (__fini_array_end, .)

.flashtext
 *(.flashtext .flashtext.*)

.text           0x0800031c     0x1524
 *(.text .text.*)
 .text.HAL_MspInit
                0x0800031c        0x4 ./system/src/stm32f4-hal/stm32f4xx_hal.o
                0x0800031c                HAL_MspInit
 .text.HAL_InitTick
                0x08000320       0x28 ./system/src/stm32f4-hal/stm32f4xx_hal.o
                0x08000320                HAL_InitTick
 .text.HAL_Init
                0x08000348       0x34 ./system/src/stm32f4-hal/stm32f4xx_hal.o
                0x08000348                HAL_Init
 .text.HAL_GetTick
                0x0800037c        0xc ./system/src/stm32f4-hal/stm32f4xx_hal.o
                0x0800037c                HAL_GetTick
 .text.HAL_SuspendTick
                0x08000388       0x10 ./system/src/stm32f4-hal/stm32f4xx_hal.o
                0x08000388                HAL_SuspendTick
 .text.HAL_NVIC_SetPriorityGrouping
                0x08000398       0x3c ./system/src/stm32f4-hal/stm32f4xx_hal_cortex.o
                0x08000398                HAL_NVIC_SetPriorityGrouping
 .text.HAL_NVIC_SetPriority
                0x080003d4       0x84 ./system/src/stm32f4-hal/stm32f4xx_hal_cortex.o
                0x080003d4                HAL_NVIC_SetPriority
 .text.HAL_SYSTICK_Config
                0x08000458       0x2c ./system/src/stm32f4-hal/stm32f4xx_hal_cortex.o
                0x08000458                HAL_SYSTICK_Config
 .text.HAL_GPIO_Init
                0x08000484      0x2b8 ./system/src/stm32f4-hal/stm32f4xx_hal_gpio.o
                0x08000484                HAL_GPIO_Init
 .text.HAL_RCC_OscConfig
                0x0800073c      0x4b4 ./system/src/stm32f4-hal/stm32f4xx_hal_rcc.o
                0x0800073c                HAL_RCC_OscConfig
 .text.HAL_RCC_ClockConfig
                0x08000bf0      0x32c ./system/src/stm32f4-hal/stm32f4xx_hal_rcc.o
                0x08000bf0                HAL_RCC_ClockConfig
 .text.HAL_RCC_GetSysClockFreq
                0x08000f1c       0xb8 ./system/src/stm32f4-hal/stm32f4xx_hal_rcc.o
                0x08000f1c                HAL_RCC_GetSysClockFreq
 .text.HAL_RCC_GetHCLKFreq
                0x08000fd4       0x38 ./system/src/stm32f4-hal/stm32f4xx_hal_rcc.o
                0x08000fd4                HAL_RCC_GetHCLKFreq
 .text.HAL_RCC_GetPCLK1Freq
                0x0800100c       0x30 ./system/src/stm32f4-hal/stm32f4xx_hal_rcc.o
                0x0800100c                HAL_RCC_GetPCLK1Freq
 .text.HAL_RCC_GetPCLK2Freq
                0x0800103c       0x30 ./system/src/stm32f4-hal/stm32f4xx_hal_rcc.o
                0x0800103c                HAL_RCC_GetPCLK2Freq
 .text.UART_SetConfig
                0x0800106c      0x2e8 ./system/src/stm32f4-hal/stm32f4xx_hal_uart.o
 .text.UART_WaitOnFlagUntilTimeout
                0x08001354       0xd4 ./system/src/stm32f4-hal/stm32f4xx_hal_uart.o
 .text.HAL_UART_Init
                0x08001428       0xac ./system/src/stm32f4-hal/stm32f4xx_hal_uart.o
                0x08001428                HAL_UART_Init
 .text.HAL_UART_Transmit
                0x080014d4       0xec ./system/src/stm32f4-hal/stm32f4xx_hal_uart.o
                0x080014d4                HAL_UART_Transmit
 .text._exit    0x080015c0        0x4 ./system/src/newlib/_exit.o
                0x080015c0                _exit
 .text.abort    0x080015c4        0x8 ./system/src/newlib/_exit.o
                0x080015c4                abort
 .text.__initialize_args
                0x080015cc       0x10 ./system/src/newlib/_syscalls.o
                0x080015cc                __initialize_args
 .text.assert_failed
                0x080015dc        0x8 ./system/src/newlib/assert.o
                0x080015dc                assert_failed
 .text.__initialize_hardware_early
                0x080015e4        0x8 ./system/src/cortexm/_initialize_hardware.o
                0x080015e4                __initialize_hardware_early
 .text.SystemInit
                0x080015ec       0x40 ./system/src/cmsis/system_stm32f4xx.o
                0x080015ec                SystemInit
 .text.MX_USART2_UART_Init
                0x0800162c       0x2c ./src/_initialize_hardware.o
 .text.configure_system_clock
                0x08001658       0x68 ./src/_initialize_hardware.o
                0x08001658                configure_system_clock
 .text.__initialize_hardware
                0x080016c0       0x18 ./src/_initialize_hardware.o
                0x080016c0                __initialize_hardware
 .text.HAL_UART_MspInit
                0x080016d8       0x4c ./src/_initialize_hardware.o
                0x080016d8                HAL_UART_MspInit
 .text.main     0x08001724       0x24 ./src/main.o
                0x08001724                main
 .text          0x08001748       0x10 c:/program files (x86)/gnu tools arm embedded/5.3 2016q1/bin/../lib/gcc/arm-none-eabi/5.3.1/../../../../arm-none-eabi/lib/armv7e-m\libg_nano.a(lib_a-strlen.o)
                0x08001748                strlen
 *(.rodata .rodata.* .constdata .constdata.*)
 .rodata.str1.4
                0x08001758       0x31 ./system/src/stm32f4-hal/stm32f4xx_hal_cortex.o
 *fill*         0x08001789        0x3 
 .rodata.str1.4
                0x0800178c       0x2f ./system/src/stm32f4-hal/stm32f4xx_hal_gpio.o
 *fill*         0x080017bb        0x1 
 .rodata.APBAHBPrescTable
                0x080017bc       0x10 ./system/src/stm32f4-hal/stm32f4xx_hal_rcc.o
                0x080017bc                APBAHBPrescTable
 .rodata.str1.4
                0x080017cc       0x2e ./system/src/stm32f4-hal/stm32f4xx_hal_rcc.o
 *fill*         0x080017fa        0x2 
 .rodata.str1.4
                0x080017fc       0x2f ./system/src/stm32f4-hal/stm32f4xx_hal_uart.o
 *fill*         0x0800182b        0x1 
 .rodata.str1.4
                0x0800182c       0x14 ./src/main.o
 *(vtable)
 *(.eh_frame*)
 *(.glue_7)
 .glue_7        0x08001840        0x0 linker stubs
 *(.glue_7t)
 .glue_7t       0x08001840        0x0 linker stubs

.vfp11_veneer   0x08001840        0x0
 .vfp11_veneer  0x08001840        0x0 linker stubs

.v4_bx          0x08001840        0x0
 .v4_bx         0x08001840        0x0 linker stubs

.iplt           0x08001840        0x0
 .iplt          0x08001840        0x0 ./system/src/stm32f4-hal/stm32f4xx_hal.o

.rel.dyn        0x08001840        0x0
 .rel.iplt      0x08001840        0x0 ./system/src/stm32f4-hal/stm32f4xx_hal.o

.ARM.extab
 *(.ARM.extab* .gnu.linkonce.armextab.*)
                0x08001840                . = ALIGN (0x4)
                0x08001840                __exidx_start = .

.ARM.exidx
 *(.ARM.exidx* .gnu.linkonce.armexidx.*)
                0x08001840                __exidx_end = .
                0x08001840                . = ALIGN (0x4)
                0x08001840                _etext = .
                0x08001840                __etext = .

.data_CCMRAM    0x10000000        0x0 load address 0x08001840
 FILL mask 0xff
 *(.data.CCMRAM .data.CCMRAM.*)
                0x10000000                . = ALIGN (0x4)
                0x08001840                _sidata = LOADADDR (.data)

.data           0x20000000       0x14 load address 0x08001840
 FILL mask 0xff
                0x20000000                _sdata = .
                0x20000000                __data_start__ = .
 *(.data_begin .data_begin.*)
 .data_begin    0x20000000        0x4 ./system/src/newlib/_startup.o
 *(.data .data.*)
 .data.argv.4254
                0x20000004        0x8 ./system/src/newlib/_syscalls.o
 .data.SystemCoreClock
                0x2000000c        0x4 ./system/src/cmsis/system_stm32f4xx.o
                0x2000000c                SystemCoreClock
 *(.data_end .data_end.*)
 .data_end      0x20000010        0x4 ./system/src/newlib/_startup.o
                0x20000014                . = ALIGN (0x4)
                0x20000014                _edata = .
                0x20000014                __data_end__ = .

.igot.plt       0x20000014        0x0 load address 0x08001854
 .igot.plt      0x20000014        0x0 ./system/src/stm32f4-hal/stm32f4xx_hal.o

.bss_CCMRAM     0x10000000        0x0
 *(.bss.CCMRAM .bss.CCMRAM.*)

.bss            0x20000014       0x4c
                0x20000014                __bss_start__ = .
                0x20000014                _sbss = .
 *(.bss_begin .bss_begin.*)
 .bss_begin     0x20000014        0x4 ./system/src/newlib/_startup.o
 *(.bss .bss.*)
 .bss.uwTick    0x20000018        0x4 ./system/src/stm32f4-hal/stm32f4xx_hal.o
 .bss.name.4253
                0x2000001c        0x1 ./system/src/newlib/_syscalls.o
 *(COMMON)
 *fill*         0x2000001d        0x3 
 COMMON         0x20000020       0x3c ./src/_initialize_hardware.o
                0x20000020                huart2
 *(.bss_end .bss_end.*)
 .bss_end       0x2000005c        0x4 ./system/src/newlib/_startup.o
                0x20000060                . = ALIGN (0x4)
                0x20000060                __bss_end__ = .
                0x20000060                _ebss = .

.noinit_CCMRAM
 *(.noinit.CCMRAM .noinit.CCMRAM.*)

.noinit         0x20000060        0x0
                0x20000060                _noinit = .
 *(.noinit .noinit.*)
                0x20000060                . = ALIGN (0x4)
                0x20000060                _end_noinit = .
                [!provide]                PROVIDE (end, _end_noinit)
                [!provide]                PROVIDE (_end, _end_noinit)
                [!provide]                PROVIDE (__end, _end_noinit)
                [!provide]                PROVIDE (__end__, _end_noinit)

._check_stack   0x20000060      0x100
                0x20000160                . = (. + _Minimum_Stack_Size)
 *fill*         0x20000060      0x100 

.b1text
 *(.b1text)
 *(.b1rodata)
 *(.b1rodata.*)

.eb0text
 *(.eb0text)
 *(.eb0rodata)
 *(.eb0rodata.*)

.eb1text
 *(.eb1text)
 *(.eb1rodata)
 *(.eb1rodata.*)

.eb2text
 *(.eb2text)
 *(.eb2rodata)
 *(.eb2rodata.*)

.eb3text
 *(.eb3text)
 *(.eb3rodata)
 *(.eb3rodata.*)

.stab
 *(.stab)

.stabstr
 *(.stabstr)

.stab.excl
 *(.stab.excl)

.stab.exclstr
 *(.stab.exclstr)

.stab.index
 *(.stab.index)

.stab.indexstr
 *(.stab.indexstr)

.comment        0x00000000       0x6e
 *(.comment)
 .comment       0x00000000       0x6e ./system/src/stm32f4-hal/stm32f4xx_hal.o
                                 0x6f (size before relaxing)
 .comment       0x0000006e       0x6f ./system/src/stm32f4-hal/stm32f4xx_hal_cortex.o
 .comment       0x0000006e       0x6f ./system/src/stm32f4-hal/stm32f4xx_hal_gpio.o
 .comment       0x0000006e       0x6f ./system/src/stm32f4-hal/stm32f4xx_hal_rcc.o
 .comment       0x0000006e       0x6f ./system/src/stm32f4-hal/stm32f4xx_hal_uart.o
 .comment       0x0000006e       0x6f ./system/src/newlib/_exit.o
 .comment       0x0000006e       0x6f ./system/src/newlib/_startup.o
 .comment       0x0000006e       0x6f ./system/src/newlib/_syscalls.o
 .comment       0x0000006e       0x6f ./system/src/newlib/assert.o
 .comment       0x0000006e       0x6f ./system/src/cortexm/_initialize_hardware.o
 .comment       0x0000006e       0x6f ./system/src/cortexm/exception_handlers.o
 .comment       0x0000006e       0x6f ./system/src/cmsis/system_stm32f4xx.o
 .comment       0x0000006e       0x6f ./system/src/cmsis/vectors_stm32f4xx.o
 .comment       0x0000006e       0x6f ./src/_initialize_hardware.o
 .comment       0x0000006e       0x6f ./src/main.o

.ARM.attributes
                0x00000000       0x31
 .ARM.attributes
                0x00000000       0x33 ./system/src/stm32f4-hal/stm32f4xx_hal.o
 .ARM.attributes
                0x00000033       0x33 ./system/src/stm32f4-hal/stm32f4xx_hal_cortex.o
 .ARM.attributes
                0x00000066       0x33 ./system/src/stm32f4-hal/stm32f4xx_hal_gpio.o
 .ARM.attributes
                0x00000099       0x33 ./system/src/stm32f4-hal/stm32f4xx_hal_rcc.o
 .ARM.attributes
                0x000000cc       0x33 ./system/src/stm32f4-hal/stm32f4xx_hal_uart.o
 .ARM.attributes
                0x000000ff       0x33 ./system/src/newlib/_exit.o
 .ARM.attributes
                0x00000132       0x33 ./system/src/newlib/_startup.o
 .ARM.attributes
                0x00000165       0x33 ./system/src/newlib/_syscalls.o
 .ARM.attributes
                0x00000198       0x33 ./system/src/newlib/assert.o
 .ARM.attributes
                0x000001cb       0x33 ./system/src/cortexm/_initialize_hardware.o
 .ARM.attributes
                0x000001fe       0x33 ./system/src/cortexm/exception_handlers.o
 .ARM.attributes
                0x00000231       0x33 ./system/src/cmsis/system_stm32f4xx.o
 .ARM.attributes
                0x00000264       0x33 ./system/src/cmsis/vectors_stm32f4xx.o
 .ARM.attributes
                0x00000297       0x33 ./src/_initialize_hardware.o
 .ARM.attributes
                0x000002ca       0x33 ./src/main.o
 .ARM.attributes
                0x000002fd       0x17 c:/program files (x86)/gnu tools arm embedded/5.3 2016q1/bin/../lib/gcc/arm-none-eabi/5.3.1/../../../../arm-none-eabi/lib/armv7e-m\libg_nano.a(lib_a-strlen.o)

.debug
 *(.debug)

.line
 *(.line)

.debug_srcinfo
 *(.debug_srcinfo)

.debug_sfnames
 *(.debug_sfnames)

.debug_aranges  0x00000000      0x568
 *(.debug_aranges)
 .debug_aranges
                0x00000000       0xc0 ./system/src/stm32f4-hal/stm32f4xx_hal.o
 .debug_aranges
                0x000000c0       0x90 ./system/src/stm32f4-hal/stm32f4xx_hal_cortex.o
 .debug_aranges
                0x00000150       0x58 ./system/src/stm32f4-hal/stm32f4xx_hal_gpio.o
 .debug_aranges
                0x000001a8       0x88 ./system/src/stm32f4-hal/stm32f4xx_hal_rcc.o
 .debug_aranges
                0x00000230      0x148 ./system/src/stm32f4-hal/stm32f4xx_hal_uart.o
 .debug_aranges
                0x00000378       0x28 ./system/src/newlib/_exit.o
 .debug_aranges
                0x000003a0       0x40 ./system/src/newlib/_startup.o
 .debug_aranges
                0x000003e0       0x30 ./system/src/newlib/_syscalls.o
 .debug_aranges
                0x00000410       0x28 ./system/src/newlib/assert.o
 .debug_aranges
                0x00000438       0x28 ./system/src/cortexm/_initialize_hardware.o
 .debug_aranges
                0x00000460       0x68 ./system/src/cortexm/exception_handlers.o
 .debug_aranges
                0x000004c8       0x28 ./system/src/cmsis/system_stm32f4xx.o
 .debug_aranges
                0x000004f0       0x20 ./system/src/cmsis/vectors_stm32f4xx.o
 .debug_aranges
                0x00000510       0x38 ./src/_initialize_hardware.o
 .debug_aranges
                0x00000548       0x20 ./src/main.o

.debug_pubnames
 *(.debug_pubnames)

.debug_info     0x00000000     0x629a
 *(.debug_info .gnu.linkonce.wi.*)
 .debug_info    0x00000000      0x7b9 ./system/src/stm32f4-hal/stm32f4xx_hal.o
 .debug_info    0x000007b9      0xcca ./system/src/stm32f4-hal/stm32f4xx_hal_cortex.o
 .debug_info    0x00001483      0x816 ./system/src/stm32f4-hal/stm32f4xx_hal_gpio.o
 .debug_info    0x00001c99     0x1252 ./system/src/stm32f4-hal/stm32f4xx_hal_rcc.o
 .debug_info    0x00002eeb     0x1393 ./system/src/stm32f4-hal/stm32f4xx_hal_uart.o
 .debug_info    0x0000427e       0xee ./system/src/newlib/_exit.o
 .debug_info    0x0000436c      0x4ef ./system/src/newlib/_startup.o
 .debug_info    0x0000485b      0x1a9 ./system/src/newlib/_syscalls.o
 .debug_info    0x00004a04      0x16c ./system/src/newlib/assert.o
 .debug_info    0x00004b70       0xe7 ./system/src/cortexm/_initialize_hardware.o
 .debug_info    0x00004c57       0xed ./system/src/cortexm/exception_handlers.o
 .debug_info    0x00004d44      0x4b0 ./system/src/cmsis/system_stm32f4xx.o
 .debug_info    0x000051f4       0x92 ./system/src/cmsis/vectors_stm32f4xx.o
 .debug_info    0x00005286      0xa7e ./src/_initialize_hardware.o
 .debug_info    0x00005d04      0x596 ./src/main.o

.debug_abbrev   0x00000000     0x15e1
 *(.debug_abbrev)
 .debug_abbrev  0x00000000      0x1fc ./system/src/stm32f4-hal/stm32f4xx_hal.o
 .debug_abbrev  0x000001fc      0x2ff ./system/src/stm32f4-hal/stm32f4xx_hal_cortex.o
 .debug_abbrev  0x000004fb      0x1f9 ./system/src/stm32f4-hal/stm32f4xx_hal_gpio.o
 .debug_abbrev  0x000006f4      0x2b4 ./system/src/stm32f4-hal/stm32f4xx_hal_rcc.o
 .debug_abbrev  0x000009a8      0x234 ./system/src/stm32f4-hal/stm32f4xx_hal_uart.o
 .debug_abbrev  0x00000bdc       0xbd ./system/src/newlib/_exit.o
 .debug_abbrev  0x00000c99      0x1d4 ./system/src/newlib/_startup.o
 .debug_abbrev  0x00000e6d       0xe5 ./system/src/newlib/_syscalls.o
 .debug_abbrev  0x00000f52       0xb9 ./system/src/newlib/assert.o
 .debug_abbrev  0x0000100b       0x88 ./system/src/cortexm/_initialize_hardware.o
 .debug_abbrev  0x00001093       0x68 ./system/src/cortexm/exception_handlers.o
 .debug_abbrev  0x000010fb      0x104 ./system/src/cmsis/system_stm32f4xx.o
 .debug_abbrev  0x000011ff       0x92 ./system/src/cmsis/vectors_stm32f4xx.o
 .debug_abbrev  0x00001291      0x1c0 ./src/_initialize_hardware.o
 .debug_abbrev  0x00001451      0x190 ./src/main.o

.debug_line     0x00000000     0x601d
 *(.debug_line)
 .debug_line    0x00000000      0x821 ./system/src/stm32f4-hal/stm32f4xx_hal.o
 .debug_line    0x00000821      0x85d ./system/src/stm32f4-hal/stm32f4xx_hal_cortex.o
 .debug_line    0x0000107e      0x900 ./system/src/stm32f4-hal/stm32f4xx_hal_gpio.o
 .debug_line    0x0000197e      0xbac ./system/src/stm32f4-hal/stm32f4xx_hal_rcc.o
 .debug_line    0x0000252a      0xe27 ./system/src/stm32f4-hal/stm32f4xx_hal_uart.o
 .debug_line    0x00003351      0x322 ./system/src/newlib/_exit.o
 .debug_line    0x00003673      0x39d ./system/src/newlib/_startup.o
 .debug_line    0x00003a10      0x3d8 ./system/src/newlib/_syscalls.o
 .debug_line    0x00003de8      0x34b ./system/src/newlib/assert.o
 .debug_line    0x00004133      0x6d7 ./system/src/cortexm/_initialize_hardware.o
 .debug_line    0x0000480a       0x9f ./system/src/cortexm/exception_handlers.o
 .debug_line    0x000048a9      0x6d8 ./system/src/cmsis/system_stm32f4xx.o
 .debug_line    0x00004f81       0x89 ./system/src/cmsis/vectors_stm32f4xx.o
 .debug_line    0x0000500a      0x701 ./src/_initialize_hardware.o
 .debug_line    0x0000570b      0x912 ./src/main.o

.debug_frame    0x00000000      0xb9c
 *(.debug_frame)
 .debug_frame   0x00000000      0x188 ./system/src/stm32f4-hal/stm32f4xx_hal.o
 .debug_frame   0x00000188      0x134 ./system/src/stm32f4-hal/stm32f4xx_hal_cortex.o
 .debug_frame   0x000002bc       0xf0 ./system/src/stm32f4-hal/stm32f4xx_hal_gpio.o
 .debug_frame   0x000003ac      0x150 ./system/src/stm32f4-hal/stm32f4xx_hal_rcc.o
 .debug_frame   0x000004fc      0x36c ./system/src/stm32f4-hal/stm32f4xx_hal_uart.o
 .debug_frame   0x00000868       0x38 ./system/src/newlib/_exit.o
 .debug_frame   0x000008a0       0x7c ./system/src/newlib/_startup.o
 .debug_frame   0x0000091c       0x50 ./system/src/newlib/_syscalls.o
 .debug_frame   0x0000096c       0x40 ./system/src/newlib/assert.o
 .debug_frame   0x000009ac       0x40 ./system/src/cortexm/_initialize_hardware.o
 .debug_frame   0x000009ec       0xb8 ./system/src/cortexm/exception_handlers.o
 .debug_frame   0x00000aa4       0x30 ./system/src/cmsis/system_stm32f4xx.o
 .debug_frame   0x00000ad4       0x20 ./system/src/cmsis/vectors_stm32f4xx.o
 .debug_frame   0x00000af4       0x80 ./src/_initialize_hardware.o
 .debug_frame   0x00000b74       0x28 ./src/main.o

.debug_str      0x00000000    0x592e5
 *(.debug_str)
 .debug_str     0x00000000    0x519f6 ./system/src/stm32f4-hal/stm32f4xx_hal.o
                              0x51bba (size before relaxing)
 .debug_str     0x000519f6      0x2ad ./system/src/stm32f4-hal/stm32f4xx_hal_cortex.o
                              0x51990 (size before relaxing)
 .debug_str     0x00051ca3      0x5fe ./system/src/stm32f4-hal/stm32f4xx_hal_gpio.o
                              0x51928 (size before relaxing)
 .debug_str     0x000522a1      0x437 ./system/src/stm32f4-hal/stm32f4xx_hal_rcc.o
                              0x51838 (size before relaxing)
 .debug_str     0x000526d8      0x830 ./system/src/stm32f4-hal/stm32f4xx_hal_uart.o
                              0x51ae6 (size before relaxing)
 .debug_str     0x00052f08     0x4460 ./system/src/newlib/_exit.o
                               0x6b11 (size before relaxing)
 .debug_str     0x00057368      0x2d7 ./system/src/newlib/_startup.o
                               0x5afd (size before relaxing)
 .debug_str     0x0005763f     0x1268 ./system/src/newlib/_syscalls.o
                               0x6d37 (size before relaxing)
 .debug_str     0x000588a7       0xe6 ./system/src/newlib/assert.o
                               0x7621 (size before relaxing)
 .debug_str     0x0005898d       0x67 ./system/src/cortexm/_initialize_hardware.o
                              0x51249 (size before relaxing)
 .debug_str     0x000589f4       0xe8 ./system/src/cortexm/exception_handlers.o
                               0x2608 (size before relaxing)
 .debug_str     0x00058adc       0x46 ./system/src/cmsis/system_stm32f4xx.o
                              0x513a7 (size before relaxing)
 .debug_str     0x00058b22       0x57 ./system/src/cmsis/vectors_stm32f4xx.o
                               0x25a5 (size before relaxing)
 .debug_str     0x00058b79       0x50 ./src/_initialize_hardware.o
                              0x519d3 (size before relaxing)
 .debug_str     0x00058bc9      0x71c ./src/main.o
                              0x561a8 (size before relaxing)

.debug_loc      0x00000000     0x26f7
 *(.debug_loc)
 .debug_loc     0x00000000       0x6a ./system/src/stm32f4-hal/stm32f4xx_hal.o
 .debug_loc     0x0000006a      0x5b6 ./system/src/stm32f4-hal/stm32f4xx_hal_cortex.o
 .debug_loc     0x00000620      0x43a ./system/src/stm32f4-hal/stm32f4xx_hal_gpio.o
 .debug_loc     0x00000a5a      0x634 ./system/src/stm32f4-hal/stm32f4xx_hal_rcc.o
 .debug_loc     0x0000108e     0x1032 ./system/src/stm32f4-hal/stm32f4xx_hal_uart.o
 .debug_loc     0x000020c0      0x36e ./system/src/newlib/_startup.o
 .debug_loc     0x0000242e       0x63 ./system/src/newlib/_syscalls.o
 .debug_loc     0x00002491       0xc6 ./system/src/newlib/assert.o
 .debug_loc     0x00002557      0x132 ./system/src/cmsis/system_stm32f4xx.o
 .debug_loc     0x00002689       0x2c ./src/_initialize_hardware.o
 .debug_loc     0x000026b5       0x42 ./src/main.o

.debug_macinfo
 *(.debug_macinfo)

.debug_weaknames
 *(.debug_weaknames)

.debug_funcnames
 *(.debug_funcnames)

.debug_typenames
 *(.debug_typenames)

.debug_varnames
 *(.debug_varnames)
OUTPUT(stm32-nucleof4-uart.elf elf32-littlearm)

.debug_ranges   0x00000000      0x478
 .debug_ranges  0x00000000       0xb0 ./system/src/stm32f4-hal/stm32f4xx_hal.o
 .debug_ranges  0x000000b0       0x80 ./system/src/stm32f4-hal/stm32f4xx_hal_cortex.o
 .debug_ranges  0x00000130       0x48 ./system/src/stm32f4-hal/stm32f4xx_hal_gpio.o
 .debug_ranges  0x00000178       0x78 ./system/src/stm32f4-hal/stm32f4xx_hal_rcc.o
 .debug_ranges  0x000001f0      0x138 ./system/src/stm32f4-hal/stm32f4xx_hal_uart.o
 .debug_ranges  0x00000328       0x18 ./system/src/newlib/_exit.o
 .debug_ranges  0x00000340       0x30 ./system/src/newlib/_startup.o
 .debug_ranges  0x00000370       0x20 ./system/src/newlib/_syscalls.o
 .debug_ranges  0x00000390       0x18 ./system/src/newlib/assert.o
 .debug_ranges  0x000003a8       0x18 ./system/src/cortexm/_initialize_hardware.o
 .debug_ranges  0x000003c0       0x58 ./system/src/cortexm/exception_handlers.o
 .debug_ranges  0x00000418       0x18 ./system/src/cmsis/system_stm32f4xx.o
 .debug_ranges  0x00000430       0x10 ./system/src/cmsis/vectors_stm32f4xx.o
 .debug_ranges  0x00000440       0x28 ./src/_initialize_hardware.o
 .debug_ranges  0x00000468       0x10 ./src/main.o

.debug_macro    0x00000000     0xea6e
 .debug_macro   0x00000000      0x322 ./system/src/stm32f4-hal/stm32f4xx_hal.o
 .debug_macro   0x00000322      0x88c ./system/src/stm32f4-hal/stm32f4xx_hal.o
 .debug_macro   0x00000bae      0x250 ./system/src/stm32f4-hal/stm32f4xx_hal.o
 .debug_macro   0x00000dfe       0x28 ./system/src/stm32f4-hal/stm32f4xx_hal.o
 .debug_macro   0x00000e26       0x28 ./system/src/stm32f4-hal/stm32f4xx_hal.o
 .debug_macro   0x00000e4e       0x3b ./system/src/stm32f4-hal/stm32f4xx_hal.o
 .debug_macro   0x00000e89      0x34e ./system/src/stm32f4-hal/stm32f4xx_hal.o
 .debug_macro   0x000011d7       0x2d ./system/src/stm32f4-hal/stm32f4xx_hal.o
 .debug_macro   0x00001204       0x26 ./system/src/stm32f4-hal/stm32f4xx_hal.o
 .debug_macro   0x0000122a      0xd39 ./system/src/stm32f4-hal/stm32f4xx_hal.o
 .debug_macro   0x00001f63     0x4f96 ./system/src/stm32f4-hal/stm32f4xx_hal.o
 .debug_macro   0x00006ef9       0x43 ./system/src/stm32f4-hal/stm32f4xx_hal.o
 .debug_macro   0x00006f3c       0x57 ./system/src/stm32f4-hal/stm32f4xx_hal.o
 .debug_macro   0x00006f93      0xb9c ./system/src/stm32f4-hal/stm32f4xx_hal.o
 .debug_macro   0x00007b2f       0x26 ./system/src/stm32f4-hal/stm32f4xx_hal.o
 .debug_macro   0x00007b55      0x13f ./system/src/stm32f4-hal/stm32f4xx_hal.o
 .debug_macro   0x00007c94       0xf1 ./system/src/stm32f4-hal/stm32f4xx_hal.o
 .debug_macro   0x00007d85      0x2cd ./system/src/stm32f4-hal/stm32f4xx_hal.o
 .debug_macro   0x00008052       0x52 ./system/src/stm32f4-hal/stm32f4xx_hal.o
 .debug_macro   0x000080a4      0x3ec ./system/src/stm32f4-hal/stm32f4xx_hal.o
 .debug_macro   0x00008490      0x14c ./system/src/stm32f4-hal/stm32f4xx_hal.o
 .debug_macro   0x000085dc       0x22 ./system/src/stm32f4-hal/stm32f4xx_hal.o
 .debug_macro   0x000085fe      0x132 ./system/src/stm32f4-hal/stm32f4xx_hal.o
 .debug_macro   0x00008730      0x25d ./system/src/stm32f4-hal/stm32f4xx_hal.o
 .debug_macro   0x0000898d      0x1e6 ./system/src/stm32f4-hal/stm32f4xx_hal.o
 .debug_macro   0x00008b73       0x22 ./system/src/stm32f4-hal/stm32f4xx_hal.o
 .debug_macro   0x00008b95      0x1ae ./system/src/stm32f4-hal/stm32f4xx_hal.o
 .debug_macro   0x00008d43       0xa4 ./system/src/stm32f4-hal/stm32f4xx_hal.o
 .debug_macro   0x00008de7      0x16e ./system/src/stm32f4-hal/stm32f4xx_hal.o
 .debug_macro   0x00008f55       0x52 ./system/src/stm32f4-hal/stm32f4xx_hal.o
 .debug_macro   0x00008fa7      0x3d7 ./system/src/stm32f4-hal/stm32f4xx_hal.o
 .debug_macro   0x0000937e      0x313 ./system/src/stm32f4-hal/stm32f4xx_hal.o
 .debug_macro   0x00009691      0x4b7 ./system/src/stm32f4-hal/stm32f4xx_hal.o
 .debug_macro   0x00009b48      0x22b ./system/src/stm32f4-hal/stm32f4xx_hal.o
 .debug_macro   0x00009d73      0x1d1 ./system/src/stm32f4-hal/stm32f4xx_hal.o
 .debug_macro   0x00009f44      0x84c ./system/src/stm32f4-hal/stm32f4xx_hal.o
 .debug_macro   0x0000a790       0x4d ./system/src/stm32f4-hal/stm32f4xx_hal.o
 .debug_macro   0x0000a7dd      0x23a ./system/src/stm32f4-hal/stm32f4xx_hal.o
 .debug_macro   0x0000aa17      0x1d8 ./system/src/stm32f4-hal/stm32f4xx_hal.o
 .debug_macro   0x0000abef      0x168 ./system/src/stm32f4-hal/stm32f4xx_hal.o
 .debug_macro   0x0000ad57      0x1d8 ./system/src/stm32f4-hal/stm32f4xx_hal.o
 .debug_macro   0x0000af2f       0x85 ./system/src/stm32f4-hal/stm32f4xx_hal.o
 .debug_macro   0x0000afb4      0x1df ./system/src/stm32f4-hal/stm32f4xx_hal.o
 .debug_macro   0x0000b193      0x108 ./system/src/stm32f4-hal/stm32f4xx_hal.o
 .debug_macro   0x0000b29b       0x12 ./system/src/stm32f4-hal/stm32f4xx_hal.o
 .debug_macro   0x0000b2ad       0x74 ./system/src/stm32f4-hal/stm32f4xx_hal.o
 .debug_macro   0x0000b321      0x11f ./system/src/stm32f4-hal/stm32f4xx_hal.o
 .debug_macro   0x0000b440      0x2d4 ./system/src/stm32f4-hal/stm32f4xx_hal_cortex.o
 .debug_macro   0x0000b714      0x313 ./system/src/stm32f4-hal/stm32f4xx_hal_gpio.o
 .debug_macro   0x0000ba27      0x316 ./system/src/stm32f4-hal/stm32f4xx_hal_rcc.o
 .debug_macro   0x0000bd3d      0x2dc ./system/src/stm32f4-hal/stm32f4xx_hal_uart.o
 .debug_macro   0x0000c019      0x182 ./system/src/newlib/_exit.o
 .debug_macro   0x0000c19b       0x9c ./system/src/newlib/_exit.o
 .debug_macro   0x0000c237      0x10e ./system/src/newlib/_exit.o
 .debug_macro   0x0000c345       0x8d ./system/src/newlib/_exit.o
 .debug_macro   0x0000c3d2       0x43 ./system/src/newlib/_exit.o
 .debug_macro   0x0000c415      0x30d ./system/src/newlib/_exit.o
 .debug_macro   0x0000c722       0x35 ./system/src/newlib/_exit.o
 .debug_macro   0x0000c757      0x141 ./system/src/newlib/_startup.o
 .debug_macro   0x0000c898      0x892 ./system/src/newlib/_startup.o
 .debug_macro   0x0000d12a      0x1d6 ./system/src/newlib/_syscalls.o
 .debug_macro   0x0000d300       0x1c ./system/src/newlib/_syscalls.o
 .debug_macro   0x0000d31c       0x10 ./system/src/newlib/_syscalls.o
 .debug_macro   0x0000d32c       0x10 ./system/src/newlib/_syscalls.o
 .debug_macro   0x0000d33c       0x10 ./system/src/newlib/_syscalls.o
 .debug_macro   0x0000d34c       0x35 ./system/src/newlib/_syscalls.o
 .debug_macro   0x0000d381      0x122 ./system/src/newlib/_syscalls.o
 .debug_macro   0x0000d4a3       0x88 ./system/src/newlib/_syscalls.o
 .debug_macro   0x0000d52b       0x2b ./system/src/newlib/_syscalls.o
 .debug_macro   0x0000d556      0x118 ./system/src/newlib/_syscalls.o
 .debug_macro   0x0000d66e      0x159 ./system/src/newlib/_syscalls.o
 .debug_macro   0x0000d7c7       0x16 ./system/src/newlib/_syscalls.o
 .debug_macro   0x0000d7dd      0x19e ./system/src/newlib/assert.o
 .debug_macro   0x0000d97b       0x1c ./system/src/newlib/assert.o
 .debug_macro   0x0000d997      0x2de ./system/src/cortexm/_initialize_hardware.o
 .debug_macro   0x0000dc75       0x1b ./system/src/cortexm/exception_handlers.o
 .debug_macro   0x0000dc90      0x2da ./system/src/cmsis/system_stm32f4xx.o
 .debug_macro   0x0000df6a       0x1b ./system/src/cmsis/vectors_stm32f4xx.o
 .debug_macro   0x0000df85      0x2d4 ./src/_initialize_hardware.o
 .debug_macro   0x0000e259      0x463 ./src/main.o
 .debug_macro   0x0000e6bc       0x16 ./src/main.o
 .debug_macro   0x0000e6d2       0x97 ./src/main.o
 .debug_macro   0x0000e769       0xfd ./src/main.o
 .debug_macro   0x0000e866       0x10 ./src/main.o
 .debug_macro   0x0000e876       0x16 ./src/main.o
 .debug_macro   0x0000e88c      0x182 ./src/main.o
 .debug_macro   0x0000ea0e       0x16 ./src/main.o
 .debug_macro   0x0000ea24       0x4a ./src/main.o
